# AUSAlib version: 16.6-757-gc25cf915-dirty
# Calibrator version: 16.6-93-gaef47da-dirty
# Calibrator arguments: Calibrator -s setup/setup.json -k setup/source.json -d SU -o setup/ --eloss
# Input files: 
#	caldata/SU/2421_000.root
Current time is: 2020-04-22 19:12
======================================================

Starting calibration of SU
Source: 
	{(3182.69, 1)}
	{(5105.5, 0.1194), (5144.3, 0.1711), (5156.59, 0.7077)}
	{(5762.64, 0.231), (5804.96, 0.769)}
======================================================

Calibrating Front
======================================================

--------------------------------
Strip 1
--------------------------------
Deadlayer corrected source 
	{(3053.62, 1)}
	{(5007.8, 0.1194), (5047.04, 0.1711), (5059.47, 0.7077)}
	{(5671.88, 0.231), (5714.61, 0.769)}
Peaks:
	Energy: 3053.62  Channel: 1086.47  Uncertaincy: 0.0995567
	Energy: 5007.8  Channel: 1702.28  Uncertaincy: 0.0983698
	Energy: 5047.04  Channel: 1714.63  Uncertaincy: 0.0983698
	Energy: 5059.47  Channel: 1718.55  Uncertaincy: 0.0983698
	Energy: 5671.88  Channel: 1910.83  Uncertaincy: 0.111697
	Energy: 5714.61  Channel: 1924.29  Uncertaincy: 0.111697
Results: 
	Offset: -397.314 ± 2.60893
	Slope:  3.17571 ± 0.00153689
	Chi^2/ndf:  3.82696/4 = 0.956741
Covariance matrix
	6.80649	-0.0039549
	-0.0039549	2.36203e-06
--------------------------------
Strip 2
--------------------------------
Deadlayer corrected source 
	{(3053.62, 1)}
	{(5007.8, 0.1194), (5047.04, 0.1711), (5059.47, 0.7077)}
	{(5671.88, 0.231), (5714.61, 0.769)}
Peaks:
	Energy: 3053.62  Channel: 1045.7  Uncertaincy: 0.0931135
	Energy: 5007.8  Channel: 1646.18  Uncertaincy: 0.102715
	Energy: 5047.04  Channel: 1658.22  Uncertaincy: 0.102715
	Energy: 5059.47  Channel: 1662.04  Uncertaincy: 0.102715
	Energy: 5671.88  Channel: 1849.09  Uncertaincy: 0.115074
	Energy: 5714.61  Channel: 1862.21  Uncertaincy: 0.115074
Results: 
	Offset: -354.555 ± 2.5826
	Slope:  3.25828 ± 0.00157483
	Chi^2/ndf:  10.2544/4 = 2.56361
Covariance matrix
	6.6698	-0.00400994
	-0.00400994	2.48009e-06
Warnings:
	W11: P value 0.036353 is small than cutoff (0.050000)
--------------------------------
Strip 3
--------------------------------
Deadlayer corrected source 
	{(3053.62, 1)}
	{(5007.8, 0.1194), (5047.04, 0.1711), (5059.47, 0.7077)}
	{(5671.88, 0.231), (5714.61, 0.769)}
Peaks:
	Energy: 3053.62  Channel: 1064.1  Uncertaincy: 0.0932893
	Energy: 5007.8  Channel: 1665.15  Uncertaincy: 0.09862
	Energy: 5047.04  Channel: 1677.2  Uncertaincy: 0.09862
	Energy: 5059.47  Channel: 1681.02  Uncertaincy: 0.09862
	Energy: 5671.88  Channel: 1868.07  Uncertaincy: 0.107886
	Energy: 5714.61  Channel: 1881.19  Uncertaincy: 0.107886
Results: 
	Offset: -412.138 ± 2.6533
	Slope:  3.25588 ± 0.00159858
	Chi^2/ndf:  13.9117/4 = 3.47793
Covariance matrix
	7.04	-0.00418551
	-0.00418551	2.55547e-06
Warnings:
	W11: P value 0.007582 is small than cutoff (0.050000)
--------------------------------
Strip 4
--------------------------------
Deadlayer corrected source 
	{(3053.62, 1)}
	{(5007.8, 0.1194), (5047.04, 0.1711), (5059.47, 0.7077)}
	{(5671.88, 0.231), (5714.61, 0.769)}
Peaks:
	Energy: 3053.62  Channel: 1110.55  Uncertaincy: 0.0991369
	Energy: 5007.8  Channel: 1741.71  Uncertaincy: 0.101564
	Energy: 5047.04  Channel: 1754.37  Uncertaincy: 0.101564
	Energy: 5059.47  Channel: 1758.38  Uncertaincy: 0.101564
	Energy: 5671.88  Channel: 1955.17  Uncertaincy: 0.115911
	Energy: 5714.61  Channel: 1968.96  Uncertaincy: 0.115911
Results: 
	Offset: -389.184 ± 2.58002
	Slope:  3.09933 ± 0.00148578
	Chi^2/ndf:  7.44425/4 = 1.86106
Covariance matrix
	6.6565	-0.00377979
	-0.00377979	2.20754e-06
--------------------------------
Strip 5
--------------------------------
Deadlayer corrected source 
	{(3053.62, 1)}
	{(5007.8, 0.1194), (5047.04, 0.1711), (5059.47, 0.7077)}
	{(5671.88, 0.231), (5714.61, 0.769)}
Peaks:
	Energy: 3053.62  Channel: 1105.4  Uncertaincy: 0.217688
	Energy: 5007.8  Channel: 1723.35  Uncertaincy: 0.278893
	Energy: 5047.04  Channel: 1735.75  Uncertaincy: 0.278893
	Energy: 5059.47  Channel: 1739.67  Uncertaincy: 0.278893
	Energy: 5671.88  Channel: 1932.09  Uncertaincy: 0.345482
	Energy: 5714.61  Channel: 1945.59  Uncertaincy: 0.345482
Results: 
	Offset: -446.811 ± 3.14023
	Slope:  3.1659 ± 0.00186187
	Chi^2/ndf:  6.78141/4 = 1.69535
Covariance matrix
	9.86105	-0.00575545
	-0.00575545	3.46655e-06
--------------------------------
Strip 6
--------------------------------
Deadlayer corrected source 
	{(3053.62, 1)}
	{(5007.8, 0.1194), (5047.04, 0.1711), (5059.47, 0.7077)}
	{(5671.88, 0.231), (5714.61, 0.769)}
Peaks:
	Energy: 3053.62  Channel: 1063.76  Uncertaincy: 0.0906057
	Energy: 5007.8  Channel: 1677.91  Uncertaincy: 0.100144
	Energy: 5047.04  Channel: 1690.23  Uncertaincy: 0.100144
	Energy: 5059.47  Channel: 1694.14  Uncertaincy: 0.100144
	Energy: 5671.88  Channel: 1885.57  Uncertaincy: 0.103748
	Energy: 5714.61  Channel: 1898.99  Uncertaincy: 0.103748
Results: 
	Offset: -335.735 ± 2.55928
	Slope:  3.18536 ± 0.00152966
	Chi^2/ndf:  8.27336/4 = 2.06834
Covariance matrix
	6.54989	-0.00385959
	-0.00385959	2.33986e-06
--------------------------------
Strip 7
--------------------------------
Deadlayer corrected source 
	{(3053.62, 1)}
	{(5007.8, 0.1194), (5047.04, 0.1711), (5059.47, 0.7077)}
	{(5671.88, 0.231), (5714.61, 0.769)}
Peaks:
	Energy: 3053.62  Channel: 1104.81  Uncertaincy: 0.0891336
	Energy: 5007.8  Channel: 1727.43  Uncertaincy: 0.100092
	Energy: 5047.04  Channel: 1739.93  Uncertaincy: 0.100092
	Energy: 5059.47  Channel: 1743.89  Uncertaincy: 0.100092
	Energy: 5671.88  Channel: 1938.42  Uncertaincy: 0.10976
	Energy: 5714.61  Channel: 1952.03  Uncertaincy: 0.10976
Results: 
	Offset: -416.612 ± 2.59479
	Slope:  3.14055 ± 0.0015074
	Chi^2/ndf:  2.61032/4 = 0.652581
Covariance matrix
	6.73295	-0.00385767
	-0.00385767	2.27224e-06
--------------------------------
Strip 8
--------------------------------
Deadlayer corrected source 
	{(3053.62, 1)}
	{(5007.8, 0.1194), (5047.04, 0.1711), (5059.47, 0.7077)}
	{(5671.88, 0.231), (5714.61, 0.769)}
Peaks:
	Energy: 3053.62  Channel: 1114.76  Uncertaincy: 0.0992819
	Energy: 5007.8  Channel: 1758.66  Uncertaincy: 0.112543
	Energy: 5047.04  Channel: 1771.58  Uncertaincy: 0.112543
	Energy: 5059.47  Channel: 1775.67  Uncertaincy: 0.112543
	Energy: 5671.88  Channel: 1976.1  Uncertaincy: 0.124538
	Energy: 5714.61  Channel: 1990.17  Uncertaincy: 0.124538
Results: 
	Offset: -335.253 ± 2.5717
	Slope:  3.039 ± 0.0014681
	Chi^2/ndf:  12.8004/4 = 3.20009
Covariance matrix
	6.61362	-0.00372179
	-0.00372179	2.15532e-06
Warnings:
	W11: P value 0.012294 is small than cutoff (0.050000)
--------------------------------
Strip 9
--------------------------------
Deadlayer corrected source 
	{(3053.62, 1)}
	{(5007.8, 0.1194), (5047.04, 0.1711), (5059.47, 0.7077)}
	{(5671.88, 0.231), (5714.61, 0.769)}
Peaks:
	Energy: 3053.62  Channel: 1086.15  Uncertaincy: 0.180532
	Energy: 5007.8  Channel: 1710.95  Uncertaincy: 0.183057
	Energy: 5047.04  Channel: 1723.48  Uncertaincy: 0.183057
	Energy: 5059.47  Channel: 1727.45  Uncertaincy: 0.183057
	Energy: 5671.88  Channel: 1921.86  Uncertaincy: 0.205351
	Energy: 5714.61  Channel: 1935.51  Uncertaincy: 0.205351
Results: 
	Offset: -349.452 ± 2.82977
	Slope:  3.13208 ± 0.00166231
	Chi^2/ndf:  11.9227/4 = 2.98067
Covariance matrix
	8.00761	-0.0046372
	-0.0046372	2.76327e-06
Warnings:
	W11: P value 0.017936 is small than cutoff (0.050000)
--------------------------------
Strip 10
--------------------------------
Deadlayer corrected source 
	{(3053.62, 1)}
	{(5007.8, 0.1194), (5047.04, 0.1711), (5059.47, 0.7077)}
	{(5671.88, 0.231), (5714.61, 0.769)}
Peaks:
	Energy: 3053.62  Channel: 1118.8  Uncertaincy: 0.0945279
	Energy: 5007.8  Channel: 1748.36  Uncertaincy: 0.109879
	Energy: 5047.04  Channel: 1760.99  Uncertaincy: 0.109879
	Energy: 5059.47  Channel: 1764.99  Uncertaincy: 0.109879
	Energy: 5671.88  Channel: 1961.29  Uncertaincy: 0.121514
	Energy: 5714.61  Channel: 1975.04  Uncertaincy: 0.121514
Results: 
	Offset: -423.533 ± 2.61073
	Slope:  3.10718 ± 0.00149965
	Chi^2/ndf:  7.31553/4 = 1.82888
Covariance matrix
	6.81593	-0.00386122
	-0.00386122	2.24896e-06
--------------------------------
Strip 11
--------------------------------
Deadlayer corrected source 
	{(3053.62, 1)}
	{(5007.8, 0.1194), (5047.04, 0.1711), (5059.47, 0.7077)}
	{(5671.88, 0.231), (5714.61, 0.769)}
Peaks:
	Energy: 3053.62  Channel: 1080.13  Uncertaincy: 0.0883192
	Energy: 5007.8  Channel: 1685.78  Uncertaincy: 0.0963283
	Energy: 5047.04  Channel: 1697.93  Uncertaincy: 0.0963283
	Energy: 5059.47  Channel: 1701.78  Uncertaincy: 0.0963283
	Energy: 5671.88  Channel: 1890.7  Uncertaincy: 0.103033
	Energy: 5714.61  Channel: 1903.93  Uncertaincy: 0.103033
Results: 
	Offset: -435.576 ± 2.5275
	Slope:  3.22962 ± 0.00150515
	Chi^2/ndf:  6.36604/4 = 1.59151
Covariance matrix
	6.38828	-0.00374944
	-0.00374944	2.26549e-06
--------------------------------
Strip 12
--------------------------------
Deadlayer corrected source 
	{(3053.62, 1)}
	{(5007.8, 0.1194), (5047.04, 0.1711), (5059.47, 0.7077)}
	{(5671.88, 0.231), (5714.61, 0.769)}
Peaks:
	Energy: 3053.62  Channel: 1187.35  Uncertaincy: 0.100019
	Energy: 5007.8  Channel: 1860.77  Uncertaincy: 0.114128
	Energy: 5047.04  Channel: 1874.28  Uncertaincy: 0.114128
	Energy: 5059.47  Channel: 1878.56  Uncertaincy: 0.114128
	Energy: 5671.88  Channel: 2088.87  Uncertaincy: 0.113263
	Energy: 5714.61  Channel: 2103.59  Uncertaincy: 0.113263
Results: 
	Offset: -394.906 ± 2.58812
	Slope:  2.90391 ± 0.00139483
	Chi^2/ndf:  3.48294/4 = 0.870736
Covariance matrix
	6.69838	-0.00356003
	-0.00356003	1.94556e-06
--------------------------------
Strip 13
--------------------------------
Deadlayer corrected source 
	{(3053.62, 1)}
	{(5007.8, 0.1194), (5047.04, 0.1711), (5059.47, 0.7077)}
	{(5671.88, 0.231), (5714.61, 0.769)}
Peaks:
	Energy: 3053.62  Channel: 1158.15  Uncertaincy: 0.093218
	Energy: 5007.8  Channel: 1802.23  Uncertaincy: 0.101063
	Energy: 5047.04  Channel: 1815.15  Uncertaincy: 0.101063
	Energy: 5059.47  Channel: 1819.25  Uncertaincy: 0.101063
	Energy: 5671.88  Channel: 2020.34  Uncertaincy: 0.111691
	Energy: 5714.61  Channel: 2034.41  Uncertaincy: 0.111691
Results: 
	Offset: -463.565 ± 2.73
	Slope:  3.03635 ± 0.00151828
	Chi^2/ndf:  4.00775/4 = 1.00194
Covariance matrix
	7.45293	-0.00409358
	-0.00409358	2.30519e-06
--------------------------------
Strip 14
--------------------------------
Deadlayer corrected source 
	{(3053.62, 1)}
	{(5007.8, 0.1194), (5047.04, 0.1711), (5059.47, 0.7077)}
	{(5671.88, 0.231), (5714.61, 0.769)}
Peaks:
	Energy: 3053.62  Channel: 1117.75  Uncertaincy: 0.0906658
	Energy: 5007.8  Channel: 1751.71  Uncertaincy: 0.0986626
	Energy: 5047.04  Channel: 1764.43  Uncertaincy: 0.0986626
	Energy: 5059.47  Channel: 1768.46  Uncertaincy: 0.0986626
	Energy: 5671.88  Channel: 1966.25  Uncertaincy: 0.0999939
	Energy: 5714.61  Channel: 1980.1  Uncertaincy: 0.0999939
Results: 
	Offset: -395.727 ± 2.58039
	Slope:  3.08529 ± 0.00147682
	Chi^2/ndf:  5.83522/4 = 1.45881
Covariance matrix
	6.65842	-0.00375838
	-0.00375838	2.181e-06
--------------------------------
Strip 15
--------------------------------
Deadlayer corrected source 
	{(3053.62, 1)}
	{(5007.8, 0.1194), (5047.04, 0.1711), (5059.47, 0.7077)}
	{(5671.88, 0.231), (5714.61, 0.769)}
Peaks:
	Energy: 3053.62  Channel: 1113.33  Uncertaincy: 0.0869449
	Energy: 5007.8  Channel: 1735.93  Uncertaincy: 0.101726
	Energy: 5047.04  Channel: 1748.42  Uncertaincy: 0.101726
	Energy: 5059.47  Channel: 1752.38  Uncertaincy: 0.101726
	Energy: 5671.88  Channel: 1946.39  Uncertaincy: 0.107515
	Energy: 5714.61  Channel: 1959.99  Uncertaincy: 0.107515
Results: 
	Offset: -445.714 ± 2.60956
	Slope:  3.14228 ± 0.00150873
	Chi^2/ndf:  9.17433/4 = 2.29358
Covariance matrix
	6.8098	-0.00388369
	-0.00388369	2.27626e-06
--------------------------------
Strip 16
--------------------------------
Deadlayer corrected source 
	{(3053.62, 1)}
	{(5007.8, 0.1194), (5047.04, 0.1711), (5059.47, 0.7077)}
	{(5671.88, 0.231), (5714.61, 0.769)}
Peaks:
	Energy: 3053.62  Channel: 1157.24  Uncertaincy: 0.0946934
	Energy: 5007.8  Channel: 1826.6  Uncertaincy: 0.108684
	Energy: 5047.04  Channel: 1840.02  Uncertaincy: 0.108684
	Energy: 5059.47  Channel: 1844.28  Uncertaincy: 0.108684
	Energy: 5671.88  Channel: 2052.8  Uncertaincy: 0.103801
	Energy: 5714.61  Channel: 2067.42  Uncertaincy: 0.103801
Results: 
	Offset: -330.022 ± 2.51224
	Slope:  2.92302 ± 0.00137931
	Chi^2/ndf:  10.2681/4 = 2.56703
Covariance matrix
	6.31134	-0.00341478
	-0.00341478	1.90249e-06
Warnings:
	W11: P value 0.036145 is small than cutoff (0.050000)
--------------------------------
Strip 17
--------------------------------
Deadlayer corrected source 
	{(3053.62, 1)}
	{(5007.8, 0.1194), (5047.04, 0.1711), (5059.47, 0.7077)}
	{(5671.88, 0.231), (5714.61, 0.769)}
Peaks:
	Energy: 3053.62  Channel: 1126.16  Uncertaincy: 0.097252
	Energy: 5007.8  Channel: 1751.92  Uncertaincy: 0.100229
	Energy: 5047.04  Channel: 1764.48  Uncertaincy: 0.100229
	Energy: 5059.47  Channel: 1768.45  Uncertaincy: 0.100229
	Energy: 5671.88  Channel: 1964.01  Uncertaincy: 0.106806
	Energy: 5714.61  Channel: 1977.69  Uncertaincy: 0.106806
Results: 
	Offset: -465.71 ± 2.68321
	Slope:  3.12466 ± 0.00153484
	Chi^2/ndf:  2.26592/4 = 0.56648
Covariance matrix
	7.19963	-0.0040654
	-0.0040654	2.35573e-06
--------------------------------
Strip 18
--------------------------------
Deadlayer corrected source 
	{(3053.62, 1)}
	{(5007.8, 0.1194), (5047.04, 0.1711), (5059.47, 0.7077)}
	{(5671.88, 0.231), (5714.61, 0.769)}
Peaks:
	Energy: 3053.62  Channel: 1060.72  Uncertaincy: 0.0852643
	Energy: 5007.8  Channel: 1653.29  Uncertaincy: 0.0968783
	Energy: 5047.04  Channel: 1665.17  Uncertaincy: 0.0968783
	Energy: 5059.47  Channel: 1668.93  Uncertaincy: 0.0968783
	Energy: 5671.88  Channel: 1853.42  Uncertaincy: 0.104674
	Energy: 5714.61  Channel: 1866.37  Uncertaincy: 0.104674
Results: 
	Offset: -450.116 ± 2.61375
	Slope:  3.30215 ± 0.00158687
	Chi^2/ndf:  12.2916/4 = 3.0729
Covariance matrix
	6.83168	-0.00409144
	-0.00409144	2.51816e-06
Warnings:
	W11: P value 0.015310 is small than cutoff (0.050000)
--------------------------------
Strip 19
--------------------------------
Deadlayer corrected source 
	{(3053.62, 1)}
	{(5007.8, 0.1194), (5047.04, 0.1711), (5059.47, 0.7077)}
	{(5671.88, 0.231), (5714.61, 0.769)}
Peaks:
	Energy: 3053.62  Channel: 1151.34  Uncertaincy: 0.0927789
	Energy: 5007.8  Channel: 1791.39  Uncertaincy: 0.105335
	Energy: 5047.04  Channel: 1804.23  Uncertaincy: 0.105335
	Energy: 5059.47  Channel: 1808.29  Uncertaincy: 0.105335
	Energy: 5671.88  Channel: 2007.77  Uncertaincy: 0.115927
	Energy: 5714.61  Channel: 2021.75  Uncertaincy: 0.115927
Results: 
	Offset: -466.425 ± 2.62985
	Slope:  3.05655 ± 0.0014737
	Chi^2/ndf:  8.71712/4 = 2.17928
Covariance matrix
	6.91612	-0.00382358
	-0.00382358	2.17181e-06
--------------------------------
Strip 20
--------------------------------
Deadlayer corrected source 
	{(3053.62, 1)}
	{(5007.8, 0.1194), (5047.04, 0.1711), (5059.47, 0.7077)}
	{(5671.88, 0.231), (5714.61, 0.769)}
Peaks:
	Energy: 3053.62  Channel: 1138.07  Uncertaincy: 0.0976577
	Energy: 5007.8  Channel: 1774.53  Uncertaincy: 0.110431
	Energy: 5047.04  Channel: 1787.3  Uncertaincy: 0.110431
	Energy: 5059.47  Channel: 1791.34  Uncertaincy: 0.110431
	Energy: 5671.88  Channel: 1989.89  Uncertaincy: 0.117781
	Energy: 5714.61  Channel: 2003.8  Uncertaincy: 0.117781
Results: 
	Offset: -444.645 ± 2.61554
	Slope:  3.0732 ± 0.00147944
	Chi^2/ndf:  5.83511/4 = 1.45878
Covariance matrix
	6.84106	-0.00381657
	-0.00381657	2.18873e-06
--------------------------------
Strip 21
--------------------------------
Deadlayer corrected source 
	{(3053.62, 1)}
	{(5007.8, 0.1194), (5047.04, 0.1711), (5059.47, 0.7077)}
	{(5671.88, 0.231), (5714.61, 0.769)}
Peaks:
	Energy: 3053.62  Channel: 1102.35  Uncertaincy: 0.0877452
	Energy: 5007.8  Channel: 1722.91  Uncertaincy: 0.0975193
	Energy: 5047.04  Channel: 1735.36  Uncertaincy: 0.0975193
	Energy: 5059.47  Channel: 1739.31  Uncertaincy: 0.0975193
	Energy: 5671.88  Channel: 1932.95  Uncertaincy: 0.107598
	Energy: 5714.61  Channel: 1946.51  Uncertaincy: 0.107598
Results: 
	Offset: -421.448 ± 2.59522
	Slope:  3.15177 ± 0.00151156
	Chi^2/ndf:  5.25449/4 = 1.31362
Covariance matrix
	6.73516	-0.00386915
	-0.00386915	2.28481e-06
--------------------------------
Strip 22
--------------------------------
Deadlayer corrected source 
	{(3053.62, 1)}
	{(5007.8, 0.1194), (5047.04, 0.1711), (5059.47, 0.7077)}
	{(5671.88, 0.231), (5714.61, 0.769)}
Peaks:
	Energy: 3053.62  Channel: 1081.3  Uncertaincy: 0.0897195
	Energy: 5007.8  Channel: 1690.52  Uncertaincy: 0.0987631
	Energy: 5047.04  Channel: 1702.74  Uncertaincy: 0.0987631
	Energy: 5059.47  Channel: 1706.61  Uncertaincy: 0.0987631
	Energy: 5671.88  Channel: 1896.55  Uncertaincy: 0.106655
	Energy: 5714.61  Channel: 1909.86  Uncertaincy: 0.106655
Results: 
	Offset: -419.294 ± 2.60074
	Slope:  3.211 ± 0.00154358
	Chi^2/ndf:  7.72698/4 = 1.93175
Covariance matrix
	6.76383	-0.0039595
	-0.0039595	2.38263e-06
--------------------------------
Strip 23
--------------------------------
Deadlayer corrected source 
	{(3053.62, 1)}
	{(5007.8, 0.1194), (5047.04, 0.1711), (5059.47, 0.7077)}
	{(5671.88, 0.231), (5714.61, 0.769)}
Peaks:
	Energy: 3053.62  Channel: 1067.66  Uncertaincy: 0.0843197
	Energy: 5007.8  Channel: 1647.16  Uncertaincy: 0.0958922
	Energy: 5047.04  Channel: 1658.79  Uncertaincy: 0.0958922
	Energy: 5059.47  Channel: 1662.47  Uncertaincy: 0.0958922
	Energy: 5671.88  Channel: 1843.58  Uncertaincy: 0.100868
	Energy: 5714.61  Channel: 1856.24  Uncertaincy: 0.100868
Results: 
	Offset: -549.236 ± 3.21654
	Slope:  3.37409 ± 0.0019522
	Chi^2/ndf:  2.20714/4 = 0.551786
Covariance matrix
	10.3461	-0.00622278
	-0.00622278	3.81107e-06
--------------------------------
Strip 24
--------------------------------
Deadlayer corrected source 
	{(3053.62, 1)}
	{(5007.8, 0.1194), (5047.04, 0.1711), (5059.47, 0.7077)}
	{(5671.88, 0.231), (5714.61, 0.769)}
Peaks:
	Energy: 3053.62  Channel: 1179.45  Uncertaincy: 0.0985256
	Energy: 5007.8  Channel: 1862.92  Uncertaincy: 0.110983
	Energy: 5047.04  Channel: 1876.64  Uncertaincy: 0.110983
	Energy: 5059.47  Channel: 1880.98  Uncertaincy: 0.110983
	Energy: 5671.88  Channel: 2094.13  Uncertaincy: 0.113968
	Energy: 5714.61  Channel: 2109.06  Uncertaincy: 0.113968
Results: 
	Offset: -322.758 ± 2.55
	Slope:  2.86199 ± 0.00137273
	Chi^2/ndf:  6.8356/4 = 1.7089
Covariance matrix
	6.5025	-0.00345079
	-0.00345079	1.88438e-06
--------------------------------
Strip 25
--------------------------------
Deadlayer corrected source 
	{(3053.62, 1)}
	{(5007.8, 0.1194), (5047.04, 0.1711), (5059.47, 0.7077)}
	{(5671.88, 0.231), (5714.61, 0.769)}
Peaks:
	Energy: 3053.62  Channel: 1144.85  Uncertaincy: 0.0929347
	Energy: 5007.8  Channel: 1769.65  Uncertaincy: 0.0973618
	Energy: 5047.04  Channel: 1782.19  Uncertaincy: 0.0973618
	Energy: 5059.47  Channel: 1786.16  Uncertaincy: 0.0973618
	Energy: 5671.88  Channel: 1981.17  Uncertaincy: 0.10575
	Energy: 5714.61  Channel: 1994.82  Uncertaincy: 0.10575
Results: 
	Offset: -530.752 ± 2.70299
	Slope:  3.13026 ± 0.00153141
	Chi^2/ndf:  4.73964/4 = 1.18491
Covariance matrix
	7.30615	-0.00408722
	-0.00408722	2.34522e-06
--------------------------------
Strip 26
--------------------------------
Deadlayer corrected source 
	{(3053.62, 1)}
	{(5007.8, 0.1194), (5047.04, 0.1711), (5059.47, 0.7077)}
	{(5671.88, 0.231), (5714.61, 0.769)}
Peaks:
	Energy: 3053.62  Channel: 1131.08  Uncertaincy: 0.0952563
	Energy: 5007.8  Channel: 1782.17  Uncertaincy: 0.105444
	Energy: 5047.04  Channel: 1795.23  Uncertaincy: 0.105444
	Energy: 5059.47  Channel: 1799.37  Uncertaincy: 0.105444
	Energy: 5671.88  Channel: 2002.63  Uncertaincy: 0.106073
	Energy: 5714.61  Channel: 2016.85  Uncertaincy: 0.106073
Results: 
	Offset: -344.481 ± 2.61755
	Slope:  3.00373 ± 0.00147162
	Chi^2/ndf:  4.32496/4 = 1.08124
Covariance matrix
	6.85157	-0.0038002
	-0.0038002	2.16566e-06
--------------------------------
Strip 27
--------------------------------
Deadlayer corrected source 
	{(3053.62, 1)}
	{(5007.8, 0.1194), (5047.04, 0.1711), (5059.47, 0.7077)}
	{(5671.88, 0.231), (5714.61, 0.769)}
Peaks:
	Energy: 3053.62  Channel: 1137.92  Uncertaincy: 0.0950498
	Energy: 5007.8  Channel: 1759.69  Uncertaincy: 0.101698
	Energy: 5047.04  Channel: 1772.17  Uncertaincy: 0.101698
	Energy: 5059.47  Channel: 1776.12  Uncertaincy: 0.101698
	Energy: 5671.88  Channel: 1970.22  Uncertaincy: 0.109269
	Energy: 5714.61  Channel: 1983.81  Uncertaincy: 0.109269
Results: 
	Offset: -526.222 ± 2.65474
	Slope:  3.14538 ± 0.0015136
	Chi^2/ndf:  4.27439/4 = 1.0686
Covariance matrix
	7.04762	-0.00396533
	-0.00396533	2.29097e-06
--------------------------------
Strip 28
--------------------------------
Deadlayer corrected source 
	{(3053.62, 1)}
	{(5007.8, 0.1194), (5047.04, 0.1711), (5059.47, 0.7077)}
	{(5671.88, 0.231), (5714.61, 0.769)}
Peaks:
	Energy: 3053.62  Channel: 1111.03  Uncertaincy: 0.0913506
	Energy: 5007.8  Channel: 1740.31  Uncertaincy: 0.0988359
	Energy: 5047.04  Channel: 1752.94  Uncertaincy: 0.0988359
	Energy: 5059.47  Channel: 1756.94  Uncertaincy: 0.0988359
	Energy: 5671.88  Channel: 1953.1  Uncertaincy: 0.112537
	Energy: 5714.61  Channel: 1966.84  Uncertaincy: 0.112537
Results: 
	Offset: -401.172 ± 2.58948
	Slope:  3.10873 ± 0.00149329
	Chi^2/ndf:  8.164/4 = 2.041
Covariance matrix
	6.7054	-0.00381354
	-0.00381354	2.2299e-06
--------------------------------
Strip 29
--------------------------------
Deadlayer corrected source 
	{(3053.62, 1)}
	{(5007.8, 0.1194), (5047.04, 0.1711), (5059.47, 0.7077)}
	{(5671.88, 0.231), (5714.61, 0.769)}
Peaks:
	Energy: 3053.62  Channel: 1105.89  Uncertaincy: 0.0940699
	Energy: 5007.8  Channel: 1716.19  Uncertaincy: 0.096078
	Energy: 5047.04  Channel: 1728.44  Uncertaincy: 0.096078
	Energy: 5059.47  Channel: 1732.32  Uncertaincy: 0.096078
	Energy: 5671.88  Channel: 1923.13  Uncertaincy: 0.0966571
	Energy: 5714.61  Channel: 1936.47  Uncertaincy: 0.0966571
Results: 
	Offset: -489.537 ± 2.63826
	Slope:  3.20353 ± 0.00154053
	Chi^2/ndf:  1.62771/4 = 0.406928
Covariance matrix
	6.96041	-0.0040107
	-0.0040107	2.37323e-06
--------------------------------
Strip 30
--------------------------------
Deadlayer corrected source 
	{(3053.62, 1)}
	{(5007.8, 0.1194), (5047.04, 0.1711), (5059.47, 0.7077)}
	{(5671.88, 0.231), (5714.61, 0.769)}
Peaks:
	Energy: 3053.62  Channel: 1031.56  Uncertaincy: 0.088189
	Energy: 5007.8  Channel: 1602.75  Uncertaincy: 0.0959682
	Energy: 5047.04  Channel: 1614.2  Uncertaincy: 0.0959682
	Energy: 5059.47  Channel: 1617.83  Uncertaincy: 0.0959682
	Energy: 5671.88  Channel: 1795.95  Uncertaincy: 0.108337
	Energy: 5714.61  Channel: 1808.43  Uncertaincy: 0.108337
Results: 
	Offset: -479.969 ± 2.71804
	Slope:  3.42468 ± 0.00170147
	Chi^2/ndf:  6.9457/4 = 1.73642
Covariance matrix
	7.38773	-0.00456606
	-0.00456606	2.895e-06
--------------------------------
Strip 31
--------------------------------
Deadlayer corrected source 
	{(3053.62, 1)}
	{(5007.8, 0.1194), (5047.04, 0.1711), (5059.47, 0.7077)}
	{(5671.88, 0.231), (5714.61, 0.769)}
Peaks:
	Energy: 3053.62  Channel: 1112.69  Uncertaincy: 0.0926769
	Energy: 5007.8  Channel: 1727.53  Uncertaincy: 0.102836
	Energy: 5047.04  Channel: 1739.87  Uncertaincy: 0.102836
	Energy: 5059.47  Channel: 1743.77  Uncertaincy: 0.102836
	Energy: 5671.88  Channel: 1935.46  Uncertaincy: 0.112798
	Energy: 5714.61  Channel: 1948.89  Uncertaincy: 0.112798
Results: 
	Offset: -487.425 ± 2.64321
	Slope:  3.18165 ± 0.00153574
	Chi^2/ndf:  7.62628/4 = 1.90657
Covariance matrix
	6.98656	-0.00400514
	-0.00400514	2.3585e-06
--------------------------------
Strip 32
--------------------------------
Deadlayer corrected source 
	{(3053.62, 1)}
	{(5007.8, 0.1194), (5047.04, 0.1711), (5059.47, 0.7077)}
	{(5671.88, 0.231), (5714.61, 0.769)}
Peaks:
	Energy: 3053.62  Channel: 1174.2  Uncertaincy: 0.0993923
	Energy: 5007.8  Channel: 1820.53  Uncertaincy: 0.108255
	Energy: 5047.04  Channel: 1833.5  Uncertaincy: 0.108255
	Energy: 5059.47  Channel: 1837.61  Uncertaincy: 0.108255
	Energy: 5671.88  Channel: 2039.26  Uncertaincy: 0.119538
	Energy: 5714.61  Channel: 2053.38  Uncertaincy: 0.119538
Results: 
	Offset: -500.446 ± 2.64464
	Slope:  3.02618 ± 0.00145812
	Chi^2/ndf:  5.65756/4 = 1.41439
Covariance matrix
	6.99413	-0.00380478
	-0.00380478	2.12612e-06
======================================================
Calibrating Back
======================================================

--------------------------------
Strip 1
--------------------------------
Deadlayer corrected source 
	{(3070, 1)}
	{(5020.14, 0.1194), (5059.32, 0.1711), (5071.73, 0.7077)}
	{(5683.33, 0.231), (5726.01, 0.769)}
Peaks:
	Energy: 3070  Channel: 1097.83  Uncertaincy: 0.0761896
	Energy: 5020.14  Channel: 1767.98  Uncertaincy: 0.0919329
	Energy: 5059.32  Channel: 1781.45  Uncertaincy: 0.0919329
	Energy: 5071.73  Channel: 1785.71  Uncertaincy: 0.0919329
	Energy: 5683.33  Channel: 1995.92  Uncertaincy: 0.0934731
	Energy: 5726.01  Channel: 2010.58  Uncertaincy: 0.0934731
Results: 
	Offset: -124.538 ± 2.43137
	Slope:  2.90989 ± 0.00137816
	Chi^2/ndf:  0.00435893/4 = 0.00108973
Covariance matrix
	5.91156	-0.00329997
	-0.00329997	1.89934e-06
--------------------------------
Strip 2
--------------------------------
Deadlayer corrected source 
	{(3069.07, 1)}
	{(5019.43, 0.1194), (5058.62, 0.1711), (5071.03, 0.7077)}
	{(5682.68, 0.231), (5725.36, 0.769)}
Peaks:
	Energy: 3069.07  Channel: 1083.6  Uncertaincy: 0.070859
	Energy: 5019.43  Channel: 1759.97  Uncertaincy: 0.0917027
	Energy: 5058.62  Channel: 1773.56  Uncertaincy: 0.0917027
	Energy: 5071.03  Channel: 1777.87  Uncertaincy: 0.0917027
	Energy: 5682.68  Channel: 1990.04  Uncertaincy: 0.0845675
	Energy: 5725.36  Channel: 2004.85  Uncertaincy: 0.0845675
Results: 
	Offset: -55.3294 ± 2.38875
	Slope:  2.88339 ± 0.00135951
	Chi^2/ndf:  0.0236431/4 = 0.00591078
Covariance matrix
	5.70614	-0.00319679
	-0.00319679	1.84827e-06
--------------------------------
Strip 3
--------------------------------
Deadlayer corrected source 
	{(3068.06, 1)}
	{(5018.68, 0.1194), (5057.86, 0.1711), (5070.28, 0.7077)}
	{(5681.98, 0.231), (5724.66, 0.769)}
Peaks:
	Energy: 3068.06  Channel: 1110.67  Uncertaincy: 0.0678587
	Energy: 5018.68  Channel: 1792.03  Uncertaincy: 0.0881498
	Energy: 5057.86  Channel: 1805.72  Uncertaincy: 0.0881498
	Energy: 5070.28  Channel: 1810.05  Uncertaincy: 0.0881498
	Energy: 5681.98  Channel: 2023.65  Uncertaincy: 0.0810459
	Energy: 5724.66  Channel: 2038.56  Uncertaincy: 0.0810459
Results: 
	Offset: -111.872 ± 2.40962
	Slope:  2.86303 ± 0.00134699
	Chi^2/ndf:  0.0368852/4 = 0.0092213
Covariance matrix
	5.80625	-0.00319615
	-0.00319615	1.81437e-06
--------------------------------
Strip 4
--------------------------------
Deadlayer corrected source 
	{(3066.99, 1)}
	{(5017.87, 0.1194), (5057.06, 0.1711), (5069.47, 0.7077)}
	{(5681.23, 0.231), (5723.91, 0.769)}
Peaks:
	Energy: 3066.99  Channel: 1125.15  Uncertaincy: 0.0680473
	Energy: 5017.87  Channel: 1816.72  Uncertaincy: 0.0889162
	Energy: 5057.06  Channel: 1830.61  Uncertaincy: 0.0889162
	Energy: 5069.47  Channel: 1835.01  Uncertaincy: 0.0889162
	Energy: 5681.23  Channel: 2051.98  Uncertaincy: 0.079927
	Energy: 5723.91  Channel: 2067.11  Uncertaincy: 0.079927
Results: 
	Offset: -106.627 ± 2.4051
	Slope:  2.82068 ± 0.001326
	Chi^2/ndf:  0.0708477/4 = 0.0177119
Covariance matrix
	5.78452	-0.00314034
	-0.00314034	1.75827e-06
--------------------------------
Strip 5
--------------------------------
Deadlayer corrected source 
	{(3065.86, 1)}
	{(5017.01, 0.1194), (5056.21, 0.1711), (5068.62, 0.7077)}
	{(5680.43, 0.231), (5723.12, 0.769)}
Peaks:
	Energy: 3065.86  Channel: 1140.99  Uncertaincy: 0.0672249
	Energy: 5017.01  Channel: 1846.25  Uncertaincy: 0.0887855
	Energy: 5056.21  Channel: 1860.41  Uncertaincy: 0.0887855
	Energy: 5068.62  Channel: 1864.9  Uncertaincy: 0.0887855
	Energy: 5680.43  Channel: 2085.97  Uncertaincy: 0.0826214
	Energy: 5723.12  Channel: 2101.4  Uncertaincy: 0.0826214
Results: 
	Offset: -91.0337 ± 2.39493
	Slope:  2.76676 ± 0.00129948
	Chi^2/ndf:  0.0321272/4 = 0.00803179
Covariance matrix
	5.73568	-0.00306418
	-0.00306418	1.68866e-06
--------------------------------
Strip 6
--------------------------------
Deadlayer corrected source 
	{(3064.66, 1)}
	{(5016.11, 0.1194), (5055.31, 0.1711), (5067.72, 0.7077)}
	{(5679.59, 0.231), (5722.29, 0.769)}
Peaks:
	Energy: 3064.66  Channel: 1119.78  Uncertaincy: 0.0664291
	Energy: 5016.11  Channel: 1796.07  Uncertaincy: 0.0860313
	Energy: 5055.31  Channel: 1809.66  Uncertaincy: 0.0860313
	Energy: 5067.72  Channel: 1813.96  Uncertaincy: 0.0860313
	Energy: 5679.59  Channel: 2025.96  Uncertaincy: 0.0791401
	Energy: 5722.29  Channel: 2040.75  Uncertaincy: 0.0791401
Results: 
	Offset: -166.703 ± 2.43176
	Slope:  2.88567 ± 0.00135644
	Chi^2/ndf:  0.0147876/4 = 0.0036969
Covariance matrix
	5.91348	-0.00324916
	-0.00324916	1.83992e-06
--------------------------------
Strip 7
--------------------------------
Deadlayer corrected source 
	{(3063.39, 1)}
	{(5015.16, 0.1194), (5054.36, 0.1711), (5066.78, 0.7077)}
	{(5678.71, 0.231), (5721.41, 0.769)}
Peaks:
	Energy: 3063.39  Channel: 1119.08  Uncertaincy: 0.068038
	Energy: 5015.16  Channel: 1808.44  Uncertaincy: 0.0861625
	Energy: 5054.36  Channel: 1822.29  Uncertaincy: 0.0861625
	Energy: 5066.78  Channel: 1826.67  Uncertaincy: 0.0861625
	Energy: 5678.71  Channel: 2042.75  Uncertaincy: 0.0813707
	Energy: 5721.41  Channel: 2057.83  Uncertaincy: 0.0813707
Results: 
	Offset: -105.201 ± 2.40266
	Slope:  2.8314 ± 0.00133085
	Chi^2/ndf:  0.0219168/4 = 0.0054792
Covariance matrix
	5.7728	-0.00314859
	-0.00314859	1.77117e-06
--------------------------------
Strip 8
--------------------------------
Deadlayer corrected source 
	{(3062.07, 1)}
	{(5014.16, 0.1194), (5053.37, 0.1711), (5065.79, 0.7077)}
	{(5677.79, 0.231), (5720.49, 0.769)}
Peaks:
	Energy: 3062.07  Channel: 1108.86  Uncertaincy: 0.0667126
	Energy: 5014.16  Channel: 1804.13  Uncertaincy: 0.0898697
	Energy: 5053.37  Channel: 1818.1  Uncertaincy: 0.0898697
	Energy: 5065.79  Channel: 1822.52  Uncertaincy: 0.0898697
	Energy: 5677.79  Channel: 2040.29  Uncertaincy: 0.0836837
	Energy: 5720.49  Channel: 2055.5  Uncertaincy: 0.0836837
Results: 
	Offset: -51.9752 ± 2.37534
	Slope:  2.80819 ± 0.00131899
	Chi^2/ndf:  0.242852/4 = 0.0607129
Covariance matrix
	5.64222	-0.0030838
	-0.0030838	1.73974e-06
--------------------------------
Strip 9
--------------------------------
Deadlayer corrected source 
	{(3060.69, 1)}
	{(5013.12, 0.1194), (5052.34, 0.1711), (5064.76, 0.7077)}
	{(5676.82, 0.231), (5719.53, 0.769)}
Peaks:
	Energy: 3060.69  Channel: 1125.89  Uncertaincy: 0.0725458
	Energy: 5013.12  Channel: 1818.16  Uncertaincy: 0.0814392
	Energy: 5052.34  Channel: 1832.06  Uncertaincy: 0.0814392
	Energy: 5064.76  Channel: 1836.46  Uncertaincy: 0.0814392
	Energy: 5676.82  Channel: 2053.25  Uncertaincy: 0.0881942
	Energy: 5719.53  Channel: 2068.39  Uncertaincy: 0.0881942
Results: 
	Offset: -115.576 ± 2.41141
	Slope:  2.82096 ± 0.00132883
	Chi^2/ndf:  0.335808/4 = 0.0839519
Covariance matrix
	5.81488	-0.00315558
	-0.00315558	1.76579e-06
--------------------------------
Strip 10
--------------------------------
Deadlayer corrected source 
	{(3059.26, 1)}
	{(5012.04, 0.1194), (5051.26, 0.1711), (5063.68, 0.7077)}
	{(5675.82, 0.231), (5718.53, 0.769)}
Peaks:
	Energy: 3059.26  Channel: 1119.51  Uncertaincy: 0.0636179
	Energy: 5012.04  Channel: 1802.84  Uncertaincy: 0.0826977
	Energy: 5051.26  Channel: 1816.57  Uncertaincy: 0.0826977
	Energy: 5063.68  Channel: 1820.91  Uncertaincy: 0.0826977
	Energy: 5675.82  Channel: 2035.06  Uncertaincy: 0.0807107
	Energy: 5718.53  Channel: 2050  Uncertaincy: 0.0807107
Results: 
	Offset: -140.211 ± 2.41252
	Slope:  2.85788 ± 0.00134084
	Chi^2/ndf:  0.0235416/4 = 0.0058854
Covariance matrix
	5.82027	-0.00318575
	-0.00318575	1.79785e-06
--------------------------------
Strip 11
--------------------------------
Deadlayer corrected source 
	{(3057.77, 1)}
	{(5010.92, 0.1194), (5050.14, 0.1711), (5062.57, 0.7077)}
	{(5674.78, 0.231), (5717.49, 0.769)}
Peaks:
	Energy: 3057.77  Channel: 1115.28  Uncertaincy: 0.0656526
	Energy: 5010.92  Channel: 1787.76  Uncertaincy: 0.0792541
	Energy: 5050.14  Channel: 1801.26  Uncertaincy: 0.0792541
	Energy: 5062.57  Channel: 1805.54  Uncertaincy: 0.0792541
	Energy: 5674.78  Channel: 2016.1  Uncertaincy: 0.0751484
	Energy: 5717.49  Channel: 2030.8  Uncertaincy: 0.0751484
Results: 
	Offset: -182.368 ± 2.43278
	Slope:  2.90505 ± 0.00136312
	Chi^2/ndf:  0.363174/4 = 0.0907936
Covariance matrix
	5.91841	-0.00326686
	-0.00326686	1.8581e-06
--------------------------------
Strip 12
--------------------------------
Deadlayer corrected source 
	{(3056.23, 1)}
	{(5009.76, 0.1194), (5048.99, 0.1711), (5061.41, 0.7077)}
	{(5673.7, 0.231), (5716.42, 0.769)}
Peaks:
	Energy: 3056.23  Channel: 1177.92  Uncertaincy: 0.0640593
	Energy: 5009.76  Channel: 1897.08  Uncertaincy: 0.0821194
	Energy: 5048.99  Channel: 1911.52  Uncertaincy: 0.0821194
	Energy: 5061.41  Channel: 1916.09  Uncertaincy: 0.0821194
	Energy: 5673.7  Channel: 2141.56  Uncertaincy: 0.078137
	Energy: 5716.42  Channel: 2157.29  Uncertaincy: 0.078137
Results: 
	Offset: -143.273 ± 2.40775
	Slope:  2.71627 ± 0.00127136
	Chi^2/ndf:  0.0273247/4 = 0.00683117
Covariance matrix
	5.79726	-0.0030148
	-0.0030148	1.61637e-06
--------------------------------
Strip 13
--------------------------------
Deadlayer corrected source 
	{(3054.63, 1)}
	{(5008.56, 0.1194), (5047.8, 0.1711), (5060.22, 0.7077)}
	{(5672.59, 0.231), (5715.31, 0.769)}
Peaks:
	Energy: 3054.63  Channel: 1257.51  Uncertaincy: 0.0689376
	Energy: 5008.56  Channel: 2025.58  Uncertaincy: 0.0910203
	Energy: 5047.8  Channel: 2041  Uncertaincy: 0.0910203
	Energy: 5060.22  Channel: 2045.89  Uncertaincy: 0.0910203
	Energy: 5672.59  Channel: 2286.37  Uncertaincy: 0.0872662
	Energy: 5715.31  Channel: 2303.17  Uncertaincy: 0.0872662
Results: 
	Offset: -145.139 ± 2.40839
	Slope:  2.54441 ± 0.00119132
	Chi^2/ndf:  0.273865/4 = 0.0684663
Covariance matrix
	5.80037	-0.00282563
	-0.00282563	1.41925e-06
Warnings:
	W0: Calibration is outlier!
--------------------------------
Strip 14
--------------------------------
Deadlayer corrected source 
	{(3052.99, 1)}
	{(5007.33, 0.1194), (5046.57, 0.1711), (5058.99, 0.7077)}
	{(5671.44, 0.231), (5714.17, 0.769)}
Peaks:
	Energy: 3052.99  Channel: 1074.68  Uncertaincy: 0.0635355
	Energy: 5007.33  Channel: 1737.53  Uncertaincy: 0.0755733
	Energy: 5046.57  Channel: 1750.84  Uncertaincy: 0.0755733
	Energy: 5058.99  Channel: 1755.05  Uncertaincy: 0.0755733
	Energy: 5671.44  Channel: 1962.5  Uncertaincy: 0.0817442
	Energy: 5714.17  Channel: 1976.99  Uncertaincy: 0.0817442
Results: 
	Offset: -116.622 ± 2.40038
	Slope:  2.94915 ± 0.00138434
	Chi^2/ndf:  0.538188/4 = 0.134547
Covariance matrix
	5.76182	-0.00327209
	-0.00327209	1.9164e-06
--------------------------------
Strip 15
--------------------------------
Deadlayer corrected source 
	{(3051.3, 1)}
	{(5006.06, 0.1194), (5045.3, 0.1711), (5057.73, 0.7077)}
	{(5670.26, 0.231), (5713, 0.769)}
Peaks:
	Energy: 3051.3  Channel: 1090.71  Uncertaincy: 0.0622038
	Energy: 5006.06  Channel: 1762.64  Uncertaincy: 0.0804741
	Energy: 5045.3  Channel: 1776.13  Uncertaincy: 0.0804741
	Energy: 5057.73  Channel: 1780.4  Uncertaincy: 0.0804741
	Energy: 5670.26  Channel: 1990.8  Uncertaincy: 0.0798912
	Energy: 5713  Channel: 2005.48  Uncertaincy: 0.0798912
Results: 
	Offset: -122.339 ± 2.3989
	Slope:  2.90959 ± 0.0013637
	Chi^2/ndf:  0.178077/4 = 0.0445193
Covariance matrix
	5.75472	-0.00322122
	-0.00322122	1.85968e-06
--------------------------------
Strip 16
--------------------------------
Deadlayer corrected source 
	{(3049.57, 1)}
	{(5004.75, 0.1194), (5044, 0.1711), (5056.44, 0.7077)}
	{(5669.05, 0.231), (5711.79, 0.769)}
Peaks:
	Energy: 3049.57  Channel: 1108.46  Uncertaincy: 0.0636973
	Energy: 5004.75  Channel: 1781.22  Uncertaincy: 0.0813324
	Energy: 5044  Channel: 1794.73  Uncertaincy: 0.0813324
	Energy: 5056.44  Channel: 1799.01  Uncertaincy: 0.0813324
	Energy: 5669.05  Channel: 2009.92  Uncertaincy: 0.0816372
	Energy: 5711.79  Channel: 2024.63  Uncertaincy: 0.0816372
Results: 
	Offset: -171.349 ± 2.42265
	Slope:  2.90586 ± 0.00136296
	Chi^2/ndf:  0.0975655/4 = 0.0243914
Covariance matrix
	5.86924	-0.00325227
	-0.00325227	1.85766e-06
--------------------------------
Strip 17
--------------------------------
Deadlayer corrected source 
	{(3047.79, 1)}
	{(5003.41, 0.1194), (5042.67, 0.1711), (5055.11, 0.7077)}
	{(5667.81, 0.231), (5710.56, 0.769)}
Peaks:
	Energy: 3047.79  Channel: 1163.81  Uncertaincy: 0.0748752
	Energy: 5003.41  Channel: 1860.78  Uncertaincy: 0.0912135
	Energy: 5042.67  Channel: 1874.76  Uncertaincy: 0.0912135
	Energy: 5055.11  Channel: 1879.19  Uncertaincy: 0.0912135
	Energy: 5667.81  Channel: 2097.27  Uncertaincy: 0.0966401
	Energy: 5710.56  Channel: 2112.51  Uncertaincy: 0.0966401
Results: 
	Offset: -218.843 ± 2.45543
	Slope:  2.80665 ± 0.00132303
	Chi^2/ndf:  0.489613/4 = 0.122403
Covariance matrix
	6.02912	-0.00320045
	-0.00320045	1.75041e-06
--------------------------------
Strip 18
--------------------------------
Deadlayer corrected source 
	{(3045.97, 1)}
	{(5002.05, 0.1194), (5041.31, 0.1711), (5053.75, 0.7077)}
	{(5666.54, 0.231), (5709.29, 0.769)}
Peaks:
	Energy: 3045.97  Channel: 1093.46  Uncertaincy: 0.0710052
	Energy: 5002.05  Channel: 1774.5  Uncertaincy: 0.0893138
	Energy: 5041.31  Channel: 1788.17  Uncertaincy: 0.0893138
	Energy: 5053.75  Channel: 1792.5  Uncertaincy: 0.0893138
	Energy: 5666.54  Channel: 2005.67  Uncertaincy: 0.0881844
	Energy: 5709.29  Channel: 2020.55  Uncertaincy: 0.0881844
Results: 
	Offset: -95.3617 ± 2.39321
	Slope:  2.8727 ± 0.00135136
	Chi^2/ndf:  0.217123/4 = 0.0542807
Covariance matrix
	5.72746	-0.00318376
	-0.00318376	1.82617e-06
--------------------------------
Strip 19
--------------------------------
Deadlayer corrected source 
	{(3044.11, 1)}
	{(5000.65, 0.1194), (5039.92, 0.1711), (5052.36, 0.7077)}
	{(5665.24, 0.231), (5708, 0.769)}
Peaks:
	Energy: 3044.11  Channel: 1072.04  Uncertaincy: 0.0665559
	Energy: 5000.65  Channel: 1723.72  Uncertaincy: 0.0807289
	Energy: 5039.92  Channel: 1736.79  Uncertaincy: 0.0807289
	Energy: 5052.36  Channel: 1740.93  Uncertaincy: 0.0807289
	Energy: 5665.24  Channel: 1944.72  Uncertaincy: 0.0835445
	Energy: 5708  Channel: 1958.96  Uncertaincy: 0.0835445
Results: 
	Offset: -175.915 ± 2.42793
	Slope:  3.00337 ± 0.00141169
	Chi^2/ndf:  0.897054/4 = 0.224264
Covariance matrix
	5.89483	-0.00337588
	-0.00337588	1.99287e-06
--------------------------------
Strip 20
--------------------------------
Deadlayer corrected source 
	{(3042.21, 1)}
	{(4999.22, 0.1194), (5038.5, 0.1711), (5050.94, 0.7077)}
	{(5663.91, 0.231), (5706.68, 0.769)}
Peaks:
	Energy: 3042.21  Channel: 1144.67  Uncertaincy: 0.071844
	Energy: 4999.22  Channel: 1835.87  Uncertaincy: 0.0867287
	Energy: 5038.5  Channel: 1849.74  Uncertaincy: 0.0867287
	Energy: 5050.94  Channel: 1854.14  Uncertaincy: 0.0867287
	Energy: 5663.91  Channel: 2070.48  Uncertaincy: 0.0908887
	Energy: 5706.68  Channel: 2085.58  Uncertaincy: 0.0908887
Results: 
	Offset: -199.279 ± 2.43952
	Slope:  2.83171 ± 0.0013319
	Chi^2/ndf:  0.159607/4 = 0.0399018
Covariance matrix
	5.95124	-0.00320064
	-0.00320064	1.77395e-06
--------------------------------
Strip 21
--------------------------------
Deadlayer corrected source 
	{(3040.27, 1)}
	{(4997.76, 0.1194), (5037.05, 0.1711), (5049.49, 0.7077)}
	{(5662.56, 0.231), (5705.34, 0.769)}
Peaks:
	Energy: 3040.27  Channel: 1172  Uncertaincy: 0.0741697
	Energy: 4997.76  Channel: 1881.51  Uncertaincy: 0.0963328
	Energy: 5037.05  Channel: 1895.75  Uncertaincy: 0.0963328
	Energy: 5049.49  Channel: 1900.26  Uncertaincy: 0.0963328
	Energy: 5662.56  Channel: 2121.98  Uncertaincy: 0.100457
	Energy: 5705.34  Channel: 2137.48  Uncertaincy: 0.100457
Results: 
	Offset: -194.982 ± 2.43576
	Slope:  2.76014 ± 0.00129834
	Chi^2/ndf:  1.4683/4 = 0.367076
Covariance matrix
	5.93295	-0.00311467
	-0.00311467	1.68569e-06
--------------------------------
Strip 22
--------------------------------
Deadlayer corrected source 
	{(3038.3, 1)}
	{(4996.28, 0.1194), (5035.57, 0.1711), (5048.02, 0.7077)}
	{(5661.19, 0.231), (5703.97, 0.769)}
Peaks:
	Energy: 3038.3  Channel: 1137.81  Uncertaincy: 0.0721756
	Energy: 4996.28  Channel: 1831.98  Uncertaincy: 0.0912821
	Energy: 5035.57  Channel: 1845.9  Uncertaincy: 0.0912821
	Energy: 5048.02  Channel: 1850.31  Uncertaincy: 0.0912821
	Energy: 5661.19  Channel: 2067.32  Uncertaincy: 0.0943513
	Energy: 5703.97  Channel: 2082.48  Uncertaincy: 0.0943513
Results: 
	Offset: -172.451 ± 2.42641
	Slope:  2.82162 ± 0.00132781
	Chi^2/ndf:  0.953814/4 = 0.238454
Covariance matrix
	5.88745	-0.00317294
	-0.00317294	1.76309e-06
--------------------------------
Strip 23
--------------------------------
Deadlayer corrected source 
	{(3036.29, 1)}
	{(4994.77, 0.1194), (5034.07, 0.1711), (5046.52, 0.7077)}
	{(5659.79, 0.231), (5702.57, 0.769)}
Peaks:
	Energy: 3036.29  Channel: 1078.29  Uncertaincy: 0.068123
	Energy: 4994.77  Channel: 1723.96  Uncertaincy: 0.0819473
	Energy: 5034.07  Channel: 1736.91  Uncertaincy: 0.0819473
	Energy: 5046.52  Channel: 1741.01  Uncertaincy: 0.0819473
	Energy: 5659.79  Channel: 1942.77  Uncertaincy: 0.0903156
	Energy: 5702.57  Channel: 1956.87  Uncertaincy: 0.0903156
Results: 
	Offset: -236.176 ± 2.45605
	Slope:  3.03454 ± 0.00142864
	Chi^2/ndf:  1.30512/4 = 0.326279
Covariance matrix
	6.03216	-0.0034569
	-0.0034569	2.04101e-06
--------------------------------
Strip 24
--------------------------------
Deadlayer corrected source 
	{(3034.25, 1)}
	{(4993.24, 0.1194), (5032.54, 0.1711), (5044.99, 0.7077)}
	{(5658.36, 0.231), (5701.16, 0.769)}
Peaks:
	Energy: 3034.25  Channel: 1161.26  Uncertaincy: 0.083097
	Energy: 4993.24  Channel: 1872.32  Uncertaincy: 0.100084
	Energy: 5032.54  Channel: 1886.58  Uncertaincy: 0.100084
	Energy: 5044.99  Channel: 1891.1  Uncertaincy: 0.100084
	Energy: 5658.36  Channel: 2113.32  Uncertaincy: 0.1109
	Energy: 5701.16  Channel: 2128.85  Uncertaincy: 0.1109
Results: 
	Offset: -166.563 ± 2.43528
	Slope:  2.75606 ± 0.00130459
	Chi^2/ndf:  1.03251/4 = 0.258126
Covariance matrix
	5.93061	-0.00312856
	-0.00312856	1.70195e-06
======================================================
