# AUSAlib version: 16.6-757-gc25cf915-dirty
# Calibrator version: 16.6-93-gaef47da-dirty
# Calibrator arguments: Calibrator -s setup/setup.json -k setup/source.json -d Det2 -o setup/ --eloss
# Input files: 
#	caldata/Det2/2424_000.root
Current time is: 2020-04-22 19:12
======================================================

Starting calibration of Det2
Source: 
	{(3182.69, 1)}
	{(5105.5, 0.1194), (5144.3, 0.1711), (5156.59, 0.7077)}
	{(5762.64, 0.231), (5804.96, 0.769)}
======================================================

Calibrating Front
======================================================

--------------------------------
Strip 1
--------------------------------
Deadlayer corrected source 
	{(3160.96, 1)}
	{(5088.97, 0.1194), (5127.85, 0.1711), (5140.16, 0.7077)}
	{(5747.28, 0.231), (5789.67, 0.769)}
Peaks:
	Energy: 3160.96  Channel: 919.526  Uncertaincy: 0.0535684
	Energy: 5088.97  Channel: 1388.33  Uncertaincy: 0.0679427
	Energy: 5127.85  Channel: 1397.78  Uncertaincy: 0.0679427
	Energy: 5140.16  Channel: 1400.78  Uncertaincy: 0.0679427
	Energy: 5747.28  Channel: 1548.41  Uncertaincy: 0.0747121
	Energy: 5789.67  Channel: 1558.72  Uncertaincy: 0.0747121
Results: 
	Offset: -620.609 ± 2.72759
	Slope:  4.11254 ± 0.00197266
	Chi^2/ndf:  0.00316249/4 = 0.000790622
Covariance matrix
	7.43975	-0.00531521
	-0.00531521	3.89138e-06
--------------------------------
Strip 2
--------------------------------
Deadlayer corrected source 
	{(3161.55, 1)}
	{(5089.42, 0.1194), (5128.29, 0.1711), (5140.6, 0.7077)}
	{(5747.69, 0.231), (5790.08, 0.769)}
Peaks:
	Energy: 3161.55  Channel: 874.995  Uncertaincy: 0.0523561
	Energy: 5089.42  Channel: 1347.54  Uncertaincy: 0.0665924
	Energy: 5128.29  Channel: 1357.07  Uncertaincy: 0.0665924
	Energy: 5140.6  Channel: 1360.09  Uncertaincy: 0.0665924
	Energy: 5747.69  Channel: 1508.76  Uncertaincy: 0.079494
	Energy: 5790.08  Channel: 1519.15  Uncertaincy: 0.079494
Results: 
	Offset: -408.974 ± 2.62694
	Slope:  4.08045 ± 0.00195788
	Chi^2/ndf:  0.218363/4 = 0.0545908
Covariance matrix
	6.90082	-0.00507577
	-0.00507577	3.83331e-06
--------------------------------
Strip 3
--------------------------------
Deadlayer corrected source 
	{(3162.04, 1)}
	{(5089.8, 0.1194), (5128.67, 0.1711), (5140.98, 0.7077)}
	{(5748.04, 0.231), (5790.43, 0.769)}
Peaks:
	Energy: 3162.04  Channel: 900.464  Uncertaincy: 0.0505961
	Energy: 5089.8  Channel: 1368.82  Uncertaincy: 0.0627705
	Energy: 5128.67  Channel: 1378.26  Uncertaincy: 0.0627705
	Energy: 5140.98  Channel: 1381.25  Uncertaincy: 0.0627705
	Energy: 5748.04  Channel: 1528.66  Uncertaincy: 0.0718068
	Energy: 5790.43  Channel: 1538.96  Uncertaincy: 0.0718068
Results: 
	Offset: -544.777 ± 2.68534
	Slope:  4.11647 ± 0.00196944
	Chi^2/ndf:  0.0791509/4 = 0.0197877
Covariance matrix
	7.21107	-0.00522284
	-0.00522284	3.87869e-06
--------------------------------
Strip 4
--------------------------------
Deadlayer corrected source 
	{(3162.45, 1)}
	{(5090.1, 0.1194), (5128.97, 0.1711), (5141.28, 0.7077)}
	{(5748.33, 0.231), (5790.71, 0.769)}
Peaks:
	Energy: 3162.45  Channel: 883.083  Uncertaincy: 0.0495203
	Energy: 5090.1  Channel: 1358.04  Uncertaincy: 0.0590699
	Energy: 5128.97  Channel: 1367.62  Uncertaincy: 0.0590699
	Energy: 5141.28  Channel: 1370.65  Uncertaincy: 0.0590699
	Energy: 5748.33  Channel: 1520.25  Uncertaincy: 0.0682538
	Energy: 5790.71  Channel: 1530.69  Uncertaincy: 0.0682538
Results: 
	Offset: -421.44 ± 2.62219
	Slope:  4.05842 ± 0.00193729
	Chi^2/ndf:  0.00988015/4 = 0.00247004
Covariance matrix
	6.8759	-0.00501421
	-0.00501421	3.75309e-06
--------------------------------
Strip 5
--------------------------------
Deadlayer corrected source 
	{(3162.75, 1)}
	{(5090.34, 0.1194), (5129.2, 0.1711), (5141.51, 0.7077)}
	{(5748.54, 0.231), (5790.93, 0.769)}
Peaks:
	Energy: 3162.75  Channel: 913.966  Uncertaincy: 0.0467807
	Energy: 5090.34  Channel: 1397.95  Uncertaincy: 0.0579969
	Energy: 5129.2  Channel: 1407.71  Uncertaincy: 0.0579969
	Energy: 5141.51  Channel: 1410.8  Uncertaincy: 0.0579969
	Energy: 5748.54  Channel: 1563.12  Uncertaincy: 0.0678529
	Energy: 5790.93  Channel: 1573.76  Uncertaincy: 0.0678529
Results: 
	Offset: -477.871 ± 2.6422
	Slope:  3.98322 ± 0.00189677
	Chi^2/ndf:  0.107626/4 = 0.0269066
Covariance matrix
	6.98121	-0.00494802
	-0.00494802	3.59772e-06
--------------------------------
Strip 6
--------------------------------
Deadlayer corrected source 
	{(3162.96, 1)}
	{(5090.49, 0.1194), (5129.36, 0.1711), (5141.67, 0.7077)}
	{(5748.69, 0.231), (5791.07, 0.769)}
Peaks:
	Energy: 3162.96  Channel: 894.678  Uncertaincy: 0.0452364
	Energy: 5090.49  Channel: 1369.47  Uncertaincy: 0.0591752
	Energy: 5129.36  Channel: 1379.04  Uncertaincy: 0.0591752
	Energy: 5141.67  Channel: 1382.07  Uncertaincy: 0.0591752
	Energy: 5748.69  Channel: 1531.38  Uncertaincy: 0.0609982
	Energy: 5791.07  Channel: 1541.81  Uncertaincy: 0.0609982
Results: 
	Offset: -470.524 ± 2.63548
	Slope:  4.06094 ± 0.00193053
	Chi^2/ndf:  0.643309/4 = 0.160827
Covariance matrix
	6.94577	-0.00502306
	-0.00502306	3.72693e-06
--------------------------------
Strip 7
--------------------------------
Deadlayer corrected source 
	{(3163.05, 1)}
	{(5090.56, 0.1194), (5129.43, 0.1711), (5141.74, 0.7077)}
	{(5748.75, 0.231), (5791.14, 0.769)}
Peaks:
	Energy: 3163.05  Channel: 897.08  Uncertaincy: 0.05035
	Energy: 5090.56  Channel: 1375.84  Uncertaincy: 0.0633036
	Energy: 5129.43  Channel: 1385.49  Uncertaincy: 0.0633036
	Energy: 5141.74  Channel: 1388.54  Uncertaincy: 0.0633036
	Energy: 5748.75  Channel: 1539.07  Uncertaincy: 0.0742445
	Energy: 5791.14  Channel: 1549.59  Uncertaincy: 0.0742445
Results: 
	Offset: -450.118 ± 2.63943
	Slope:  4.0274 ± 0.00192603
	Chi^2/ndf:  0.767938/4 = 0.191985
Covariance matrix
	6.96657	-0.00501818
	-0.00501818	3.70958e-06
--------------------------------
Strip 8
--------------------------------
Deadlayer corrected source 
	{(3163.04, 1)}
	{(5090.55, 0.1194), (5129.42, 0.1711), (5141.73, 0.7077)}
	{(5748.74, 0.231), (5791.13, 0.769)}
Peaks:
	Energy: 3163.04  Channel: 892.23  Uncertaincy: 0.053176
	Energy: 5090.55  Channel: 1376.23  Uncertaincy: 0.0660797
	Energy: 5129.42  Channel: 1385.99  Uncertaincy: 0.0660797
	Energy: 5141.73  Channel: 1389.08  Uncertaincy: 0.0660797
	Energy: 5748.74  Channel: 1541.35  Uncertaincy: 0.0796693
	Energy: 5791.13  Channel: 1551.99  Uncertaincy: 0.0796693
Results: 
	Offset: -391.102 ± 2.61764
	Slope:  3.98325 ± 0.00190992
	Chi^2/ndf:  0.273507/4 = 0.0683768
Covariance matrix
	6.85202	-0.00493367
	-0.00493367	3.6478e-06
--------------------------------
Strip 9
--------------------------------
Deadlayer corrected source 
	{(3162.91, 1)}
	{(5090.46, 0.1194), (5129.32, 0.1711), (5141.64, 0.7077)}
	{(5748.66, 0.231), (5791.04, 0.769)}
Peaks:
	Energy: 3162.91  Channel: 912.281  Uncertaincy: 0.0560789
	Energy: 5090.46  Channel: 1393.67  Uncertaincy: 0.0719205
	Energy: 5129.32  Channel: 1403.37  Uncertaincy: 0.0719205
	Energy: 5141.64  Channel: 1406.45  Uncertaincy: 0.0719205
	Energy: 5748.66  Channel: 1557.9  Uncertaincy: 0.0840319
	Energy: 5791.04  Channel: 1568.48  Uncertaincy: 0.0840319
Results: 
	Offset: -490.847 ± 2.67315
	Slope:  4.00491 ± 0.0019269
	Chi^2/ndf:  0.266278/4 = 0.0665695
Covariance matrix
	7.14573	-0.00508516
	-0.00508516	3.71294e-06
--------------------------------
Strip 10
--------------------------------
Deadlayer corrected source 
	{(3162.69, 1)}
	{(5090.28, 0.1194), (5129.15, 0.1711), (5141.46, 0.7077)}
	{(5748.5, 0.231), (5790.88, 0.769)}
Peaks:
	Energy: 3162.69  Channel: 900.642  Uncertaincy: 0.0548328
	Energy: 5090.28  Channel: 1381.64  Uncertaincy: 0.0688025
	Energy: 5129.15  Channel: 1391.34  Uncertaincy: 0.0688025
	Energy: 5141.46  Channel: 1394.41  Uncertaincy: 0.0688025
	Energy: 5748.5  Channel: 1545.67  Uncertaincy: 0.0824175
	Energy: 5790.88  Channel: 1556.25  Uncertaincy: 0.0824175
Results: 
	Offset: -447.853 ± 2.64952
	Slope:  4.00859 ± 0.00192622
	Chi^2/ndf:  0.576882/4 = 0.144221
Covariance matrix
	7.01997	-0.00503757
	-0.00503757	3.71031e-06
--------------------------------
Strip 11
--------------------------------
Deadlayer corrected source 
	{(3162.36, 1)}
	{(5090.03, 0.1194), (5128.9, 0.1711), (5141.21, 0.7077)}
	{(5748.26, 0.231), (5790.65, 0.769)}
Peaks:
	Energy: 3162.36  Channel: 902.757  Uncertaincy: 0.0561489
	Energy: 5090.03  Channel: 1386.11  Uncertaincy: 0.07363
	Energy: 5128.9  Channel: 1395.85  Uncertaincy: 0.07363
	Energy: 5141.21  Channel: 1398.94  Uncertaincy: 0.07363
	Energy: 5748.26  Channel: 1550.97  Uncertaincy: 0.088948
	Energy: 5790.65  Channel: 1561.59  Uncertaincy: 0.088948
Results: 
	Offset: -439.028 ± 2.65027
	Slope:  3.9891 ± 0.00192171
	Chi^2/ndf:  0.417504/4 = 0.104376
Covariance matrix
	7.02394	-0.00502659
	-0.00502659	3.69297e-06
--------------------------------
Strip 12
--------------------------------
Deadlayer corrected source 
	{(3161.93, 1)}
	{(5089.71, 0.1194), (5128.58, 0.1711), (5140.89, 0.7077)}
	{(5747.96, 0.231), (5790.35, 0.769)}
Peaks:
	Energy: 3161.93  Channel: 892.582  Uncertaincy: 0.059471
	Energy: 5089.71  Channel: 1371.52  Uncertaincy: 0.0730976
	Energy: 5128.58  Channel: 1381.18  Uncertaincy: 0.0730976
	Energy: 5140.89  Channel: 1384.24  Uncertaincy: 0.0730976
	Energy: 5747.96  Channel: 1534.75  Uncertaincy: 0.0898109
	Energy: 5790.35  Channel: 1545.28  Uncertaincy: 0.0898109
Results: 
	Offset: -432.579 ± 2.65343
	Slope:  4.02672 ± 0.00194426
	Chi^2/ndf:  1.18942/4 = 0.297354
Covariance matrix
	7.0407	-0.0050916
	-0.0050916	3.78013e-06
--------------------------------
Strip 13
--------------------------------
Deadlayer corrected source 
	{(3161.41, 1)}
	{(5089.31, 0.1194), (5128.18, 0.1711), (5140.5, 0.7077)}
	{(5747.59, 0.231), (5789.98, 0.769)}
Peaks:
	Energy: 3161.41  Channel: 885.845  Uncertaincy: 0.0605612
	Energy: 5089.31  Channel: 1367.6  Uncertaincy: 0.0733016
	Energy: 5128.18  Channel: 1377.31  Uncertaincy: 0.0733016
	Energy: 5140.5  Channel: 1380.39  Uncertaincy: 0.0733016
	Energy: 5747.59  Channel: 1531.8  Uncertaincy: 0.09034
	Energy: 5789.98  Channel: 1542.39  Uncertaincy: 0.09034
Results: 
	Offset: -385.238 ± 2.63378
	Slope:  4.00334 ± 0.00193509
	Chi^2/ndf:  1.01215/4 = 0.253038
Covariance matrix
	6.9368	-0.00502906
	-0.00502906	3.74457e-06
--------------------------------
Strip 14
--------------------------------
Deadlayer corrected source 
	{(3160.8, 1)}
	{(5088.85, 0.1194), (5127.73, 0.1711), (5140.04, 0.7077)}
	{(5747.17, 0.231), (5789.56, 0.769)}
Peaks:
	Energy: 3160.8  Channel: 908.233  Uncertaincy: 0.0613243
	Energy: 5088.85  Channel: 1391.45  Uncertaincy: 0.0781761
	Energy: 5127.73  Channel: 1401.19  Uncertaincy: 0.0781761
	Energy: 5140.04  Channel: 1404.28  Uncertaincy: 0.0781761
	Energy: 5747.17  Channel: 1556.31  Uncertaincy: 0.0878729
	Energy: 5789.56  Channel: 1566.93  Uncertaincy: 0.0878729
Results: 
	Offset: -463.818 ± 2.67076
	Slope:  3.9907 ± 0.00192818
	Chi^2/ndf:  0.192753/4 = 0.0481883
Covariance matrix
	7.13295	-0.00508314
	-0.00508314	3.71788e-06
--------------------------------
Strip 15
--------------------------------
Deadlayer corrected source 
	{(3160.12, 1)}
	{(5088.34, 0.1194), (5127.21, 0.1711), (5139.53, 0.7077)}
	{(5746.68, 0.231), (5789.08, 0.769)}
Peaks:
	Energy: 3160.12  Channel: 897.069  Uncertaincy: 0.0614481
	Energy: 5088.34  Channel: 1377.11  Uncertaincy: 0.0772741
	Energy: 5127.21  Channel: 1386.78  Uncertaincy: 0.0772741
	Energy: 5139.53  Channel: 1389.85  Uncertaincy: 0.0772741
	Energy: 5746.68  Channel: 1540.88  Uncertaincy: 0.0902433
	Energy: 5789.08  Channel: 1551.43  Uncertaincy: 0.0902433
Results: 
	Offset: -443.96 ± 2.6636
	Slope:  4.01747 ± 0.00194352
	Chi^2/ndf:  0.195773/4 = 0.0489432
Covariance matrix
	7.09478	-0.00510935
	-0.00510935	3.77729e-06
--------------------------------
Strip 16
--------------------------------
Deadlayer corrected source 
	{(3159.37, 1)}
	{(5087.76, 0.1194), (5126.64, 0.1711), (5138.96, 0.7077)}
	{(5746.15, 0.231), (5788.55, 0.769)}
Peaks:
	Energy: 3159.37  Channel: 852.684  Uncertaincy: 0.0556564
	Energy: 5087.76  Channel: 1311.92  Uncertaincy: 0.070397
	Energy: 5126.64  Channel: 1321.18  Uncertaincy: 0.070397
	Energy: 5138.96  Channel: 1324.11  Uncertaincy: 0.070397
	Energy: 5746.15  Channel: 1468.35  Uncertaincy: 0.0823759
	Energy: 5788.55  Channel: 1478.44  Uncertaincy: 0.0823759
Results: 
	Offset: -423.359 ± 2.61617
	Slope:  4.20122 ± 0.00200401
	Chi^2/ndf:  1.82776/4 = 0.456939
Covariance matrix
	6.84433	-0.00517267
	-0.00517267	4.01605e-06
======================================================
Calibrating Back
======================================================

--------------------------------
Strip 1
--------------------------------
Deadlayer corrected source 
	{(3160.18, 1)}
	{(5088.38, 0.1194), (5127.25, 0.1711), (5139.57, 0.7077)}
	{(5746.72, 0.231), (5789.12, 0.769)}
Peaks:
	Energy: 3160.18  Channel: 926.808  Uncertaincy: 0.0522048
	Energy: 5088.38  Channel: 1436.38  Uncertaincy: 0.0655029
	Energy: 5127.25  Channel: 1446.65  Uncertaincy: 0.0655029
	Energy: 5139.57  Channel: 1449.9  Uncertaincy: 0.0655029
	Energy: 5746.72  Channel: 1610.4  Uncertaincy: 0.0642984
	Energy: 5789.12  Channel: 1621.6  Uncertaincy: 0.0642984
Results: 
	Offset: -346.623 ± 2.58061
	Slope:  3.78379 ± 0.00180115
	Chi^2/ndf:  0.0218705/4 = 0.00546762
Covariance matrix
	6.65957	-0.0045862
	-0.0045862	3.24415e-06
--------------------------------
Strip 2
--------------------------------
Deadlayer corrected source 
	{(3160.85, 1)}
	{(5088.89, 0.1194), (5127.76, 0.1711), (5140.08, 0.7077)}
	{(5747.2, 0.231), (5789.59, 0.769)}
Peaks:
	Energy: 3160.85  Channel: 953.308  Uncertaincy: 0.0525211
	Energy: 5088.89  Channel: 1475.14  Uncertaincy: 0.0660122
	Energy: 5127.76  Channel: 1485.66  Uncertaincy: 0.0660122
	Energy: 5140.08  Channel: 1488.99  Uncertaincy: 0.0660122
	Energy: 5747.2  Channel: 1653.35  Uncertaincy: 0.0651755
	Energy: 5789.59  Channel: 1664.82  Uncertaincy: 0.0651755
Results: 
	Offset: -361.202 ± 2.58651
	Slope:  3.6946 ± 0.00175789
	Chi^2/ndf:  0.0146538/4 = 0.00366345
Covariance matrix
	6.69005	-0.00448665
	-0.00448665	3.09019e-06
--------------------------------
Strip 3
--------------------------------
Deadlayer corrected source 
	{(3161.45, 1)}
	{(5089.34, 0.1194), (5128.21, 0.1711), (5140.53, 0.7077)}
	{(5747.62, 0.231), (5790.01, 0.769)}
Peaks:
	Energy: 3161.45  Channel: 965.661  Uncertaincy: 0.0489649
	Energy: 5089.34  Channel: 1477.14  Uncertaincy: 0.0596222
	Energy: 5128.21  Channel: 1487.45  Uncertaincy: 0.0596222
	Energy: 5140.53  Channel: 1490.72  Uncertaincy: 0.0596222
	Energy: 5747.62  Channel: 1651.86  Uncertaincy: 0.0603624
	Energy: 5790.01  Channel: 1663.11  Uncertaincy: 0.0603624
Results: 
	Offset: -477.951 ± 2.6364
	Slope:  3.7689 ± 0.00178952
	Chi^2/ndf:  0.0696995/4 = 0.0174249
Covariance matrix
	6.9506	-0.00465822
	-0.00465822	3.20237e-06
--------------------------------
Strip 4
--------------------------------
Deadlayer corrected source 
	{(3161.96, 1)}
	{(5089.73, 0.1194), (5128.6, 0.1711), (5140.91, 0.7077)}
	{(5747.98, 0.231), (5790.37, 0.769)}
Peaks:
	Energy: 3161.96  Channel: 963.174  Uncertaincy: 0.0448261
	Energy: 5089.73  Channel: 1476.47  Uncertaincy: 0.0551748
	Energy: 5128.6  Channel: 1486.81  Uncertaincy: 0.0551748
	Energy: 5140.91  Channel: 1490.09  Uncertaincy: 0.0551748
	Energy: 5747.98  Channel: 1651.73  Uncertaincy: 0.0593108
	Energy: 5790.37  Channel: 1663.02  Uncertaincy: 0.0593108
Results: 
	Offset: -455.446 ± 2.61964
	Slope:  3.75571 ± 0.00177918
	Chi^2/ndf:  2.62093e-07/4 = 6.55232e-08
Covariance matrix
	6.8625	-0.00460141
	-0.00460141	3.16548e-06
--------------------------------
Strip 5
--------------------------------
Deadlayer corrected source 
	{(3162.37, 1)}
	{(5090.05, 0.1194), (5128.91, 0.1711), (5141.23, 0.7077)}
	{(5748.27, 0.231), (5790.66, 0.769)}
Peaks:
	Energy: 3162.37  Channel: 948.286  Uncertaincy: 0.0449801
	Energy: 5090.05  Channel: 1462.1  Uncertaincy: 0.0612031
	Energy: 5128.91  Channel: 1472.46  Uncertaincy: 0.0612031
	Energy: 5141.23  Channel: 1475.74  Uncertaincy: 0.0612031
	Energy: 5748.27  Channel: 1637.73  Uncertaincy: 0.0543803
	Energy: 5790.66  Channel: 1649.03  Uncertaincy: 0.0543803
Results: 
	Offset: -394.347 ± 2.59012
	Slope:  3.75087 ± 0.00177558
	Chi^2/ndf:  0.363092/4 = 0.0907729
Covariance matrix
	6.70874	-0.00453889
	-0.00453889	3.15268e-06
--------------------------------
Strip 6
--------------------------------
Deadlayer corrected source 
	{(3162.69, 1)}
	{(5090.29, 0.1194), (5129.15, 0.1711), (5141.47, 0.7077)}
	{(5748.5, 0.231), (5790.88, 0.769)}
Peaks:
	Energy: 3162.69  Channel: 956.478  Uncertaincy: 0.0434387
	Energy: 5090.29  Channel: 1472.84  Uncertaincy: 0.0570897
	Energy: 5129.15  Channel: 1483.25  Uncertaincy: 0.0570897
	Energy: 5141.47  Channel: 1486.55  Uncertaincy: 0.0570897
	Energy: 5748.5  Channel: 1649.12  Uncertaincy: 0.0582362
	Energy: 5790.88  Channel: 1660.47  Uncertaincy: 0.0582362
Results: 
	Offset: -408.122 ± 2.59539
	Slope:  3.73324 ± 0.00176693
	Chi^2/ndf:  0.0230876/4 = 0.0057719
Covariance matrix
	6.73606	-0.00452632
	-0.00452632	3.12204e-06
--------------------------------
Strip 7
--------------------------------
Deadlayer corrected source 
	{(3162.91, 1)}
	{(5090.45, 0.1194), (5129.32, 0.1711), (5141.63, 0.7077)}
	{(5748.65, 0.231), (5791.03, 0.769)}
Peaks:
	Energy: 3162.91  Channel: 977.806  Uncertaincy: 0.0426634
	Energy: 5090.45  Channel: 1501.4  Uncertaincy: 0.0563426
	Energy: 5129.32  Channel: 1511.95  Uncertaincy: 0.0563426
	Energy: 5141.63  Channel: 1515.3  Uncertaincy: 0.0563426
	Energy: 5748.65  Channel: 1680.1  Uncertaincy: 0.0516452
	Energy: 5791.03  Channel: 1691.61  Uncertaincy: 0.0516452
Results: 
	Offset: -437.242 ± 2.60518
	Slope:  3.68178 ± 0.00173926
	Chi^2/ndf:  0.0801649/4 = 0.0200412
Covariance matrix
	6.78697	-0.00447299
	-0.00447299	3.02503e-06
--------------------------------
Strip 8
--------------------------------
Deadlayer corrected source 
	{(3163.01, 1)}
	{(5090.53, 0.1194), (5129.4, 0.1711), (5141.71, 0.7077)}
	{(5748.73, 0.231), (5791.11, 0.769)}
Peaks:
	Energy: 3163.01  Channel: 978.534  Uncertaincy: 0.0415008
	Energy: 5090.53  Channel: 1499.96  Uncertaincy: 0.0546312
	Energy: 5129.4  Channel: 1510.48  Uncertaincy: 0.0546312
	Energy: 5141.71  Channel: 1513.81  Uncertaincy: 0.0546312
	Energy: 5748.73  Channel: 1678.16  Uncertaincy: 0.0487477
	Energy: 5791.11  Channel: 1689.63  Uncertaincy: 0.0487477
Results: 
	Offset: -453.454 ± 2.61079
	Slope:  3.69595 ± 0.00174443
	Chi^2/ndf:  0.232712/4 = 0.0581779
Covariance matrix
	6.8162	-0.00449633
	-0.00449633	3.04303e-06
--------------------------------
Strip 9
--------------------------------
Deadlayer corrected source 
	{(3163.01, 1)}
	{(5090.53, 0.1194), (5129.4, 0.1711), (5141.71, 0.7077)}
	{(5748.73, 0.231), (5791.11, 0.769)}
Peaks:
	Energy: 3163.01  Channel: 973.556  Uncertaincy: 0.0396533
	Energy: 5090.53  Channel: 1492.86  Uncertaincy: 0.0532296
	Energy: 5129.4  Channel: 1503.33  Uncertaincy: 0.0532296
	Energy: 5141.71  Channel: 1506.65  Uncertaincy: 0.0532296
	Energy: 5748.73  Channel: 1670.34  Uncertaincy: 0.0449136
	Energy: 5791.11  Channel: 1681.76  Uncertaincy: 0.0449136
Results: 
	Offset: -449.758 ± 2.60615
	Slope:  3.71106 ± 0.00174939
	Chi^2/ndf:  0.248727/4 = 0.0621817
Covariance matrix
	6.792	-0.00450105
	-0.00450105	3.06036e-06
--------------------------------
Strip 10
--------------------------------
Deadlayer corrected source 
	{(3162.91, 1)}
	{(5090.45, 0.1194), (5129.32, 0.1711), (5141.63, 0.7077)}
	{(5748.65, 0.231), (5791.03, 0.769)}
Peaks:
	Energy: 3162.91  Channel: 996.819  Uncertaincy: 0.0406328
	Energy: 5090.45  Channel: 1524.79  Uncertaincy: 0.0554949
	Energy: 5129.32  Channel: 1535.43  Uncertaincy: 0.0554949
	Energy: 5141.63  Channel: 1538.8  Uncertaincy: 0.0554949
	Energy: 5748.65  Channel: 1704.74  Uncertaincy: 0.0556644
	Energy: 5791.03  Channel: 1716.35  Uncertaincy: 0.0556644
Results: 
	Offset: -478.126 ± 2.61336
	Slope:  3.65232 ± 0.00171892
	Chi^2/ndf:  1.16719/4 = 0.291796
Covariance matrix
	6.82966	-0.00443492
	-0.00443492	2.95469e-06
--------------------------------
Strip 11
--------------------------------
Deadlayer corrected source 
	{(3162.69, 1)}
	{(5090.29, 0.1194), (5129.15, 0.1711), (5141.47, 0.7077)}
	{(5748.5, 0.231), (5790.88, 0.769)}
Peaks:
	Energy: 3162.69  Channel: 992.329  Uncertaincy: 0.0414003
	Energy: 5090.29  Channel: 1510.81  Uncertaincy: 0.0566947
	Energy: 5129.15  Channel: 1521.27  Uncertaincy: 0.0566947
	Energy: 5141.47  Channel: 1524.58  Uncertaincy: 0.0566947
	Energy: 5748.5  Channel: 1687.77  Uncertaincy: 0.0505262
	Energy: 5790.88  Channel: 1699.16  Uncertaincy: 0.0505262
Results: 
	Offset: -527.063 ± 2.64572
	Slope:  3.71818 ± 0.00175564
	Chi^2/ndf:  0.0980383/4 = 0.0245096
Covariance matrix
	6.99985	-0.00458717
	-0.00458717	3.08226e-06
--------------------------------
Strip 12
--------------------------------
Deadlayer corrected source 
	{(3162.37, 1)}
	{(5090.05, 0.1194), (5128.91, 0.1711), (5141.23, 0.7077)}
	{(5748.27, 0.231), (5790.66, 0.769)}
Peaks:
	Energy: 3162.37  Channel: 971.096  Uncertaincy: 0.0424607
	Energy: 5090.05  Channel: 1491.7  Uncertaincy: 0.0540537
	Energy: 5128.91  Channel: 1502.2  Uncertaincy: 0.0540537
	Energy: 5141.23  Channel: 1505.52  Uncertaincy: 0.0540537
	Energy: 5748.27  Channel: 1669.49  Uncertaincy: 0.0517075
	Energy: 5790.66  Channel: 1680.93  Uncertaincy: 0.0517075
Results: 
	Offset: -433.264 ± 2.60306
	Slope:  3.70268 ± 0.0017491
	Chi^2/ndf:  0.00380059/4 = 0.000950147
Covariance matrix
	6.7759	-0.00449459
	-0.00449459	3.05934e-06
--------------------------------
Strip 13
--------------------------------
Deadlayer corrected source 
	{(3161.96, 1)}
	{(5089.73, 0.1194), (5128.6, 0.1711), (5140.91, 0.7077)}
	{(5747.98, 0.231), (5790.37, 0.769)}
Peaks:
	Energy: 3161.96  Channel: 998.844  Uncertaincy: 0.0437489
	Energy: 5089.73  Channel: 1518.31  Uncertaincy: 0.0567956
	Energy: 5128.6  Channel: 1528.79  Uncertaincy: 0.0567956
	Energy: 5140.91  Channel: 1532.11  Uncertaincy: 0.0567956
	Energy: 5747.98  Channel: 1695.63  Uncertaincy: 0.0520304
	Energy: 5790.37  Channel: 1707.05  Uncertaincy: 0.0520304
Results: 
	Offset: -545.156 ± 2.65689
	Slope:  3.71133 ± 0.00175431
	Chi^2/ndf:  0.0457828/4 = 0.0114457
Covariance matrix
	7.05904	-0.00460347
	-0.00460347	3.07759e-06
--------------------------------
Strip 14
--------------------------------
Deadlayer corrected source 
	{(3161.45, 1)}
	{(5089.34, 0.1194), (5128.21, 0.1711), (5140.53, 0.7077)}
	{(5747.62, 0.231), (5790.01, 0.769)}
Peaks:
	Energy: 3161.45  Channel: 969.537  Uncertaincy: 0.0464527
	Energy: 5089.34  Channel: 1485.57  Uncertaincy: 0.0580426
	Energy: 5128.21  Channel: 1495.98  Uncertaincy: 0.0580426
	Energy: 5140.53  Channel: 1499.27  Uncertaincy: 0.0580426
	Energy: 5747.62  Channel: 1661.82  Uncertaincy: 0.0559329
	Energy: 5790.01  Channel: 1673.16  Uncertaincy: 0.0559329
Results: 
	Offset: -460.472 ± 2.62237
	Slope:  3.73577 ± 0.00176954
	Chi^2/ndf:  0.020794/4 = 0.00519851
Covariance matrix
	6.87682	-0.00458137
	-0.00458137	3.13129e-06
--------------------------------
Strip 15
--------------------------------
Deadlayer corrected source 
	{(3160.85, 1)}
	{(5088.89, 0.1194), (5127.76, 0.1711), (5140.08, 0.7077)}
	{(5747.2, 0.231), (5789.59, 0.769)}
Peaks:
	Energy: 3160.85  Channel: 989.433  Uncertaincy: 0.0469032
	Energy: 5088.89  Channel: 1504.77  Uncertaincy: 0.0615674
	Energy: 5127.76  Channel: 1515.16  Uncertaincy: 0.0615674
	Energy: 5140.08  Channel: 1518.45  Uncertaincy: 0.0615674
	Energy: 5747.2  Channel: 1680.71  Uncertaincy: 0.0591357
	Energy: 5789.59  Channel: 1692.04  Uncertaincy: 0.0591357
Results: 
	Offset: -541.035 ± 2.66147
	Slope:  3.74141 ± 0.00177368
	Chi^2/ndf:  0.00229301/4 = 0.000573252
Covariance matrix
	7.0834	-0.00466203
	-0.00466203	3.14594e-06
--------------------------------
Strip 16
--------------------------------
Deadlayer corrected source 
	{(3160.18, 1)}
	{(5088.38, 0.1194), (5127.25, 0.1711), (5139.57, 0.7077)}
	{(5746.72, 0.231), (5789.12, 0.769)}
Peaks:
	Energy: 3160.18  Channel: 985.115  Uncertaincy: 0.0513657
	Energy: 5088.38  Channel: 1510.81  Uncertaincy: 0.0677971
	Energy: 5127.25  Channel: 1521.41  Uncertaincy: 0.0677971
	Energy: 5139.57  Channel: 1524.76  Uncertaincy: 0.0677971
	Energy: 5746.72  Channel: 1690.21  Uncertaincy: 0.0646975
	Energy: 5789.12  Channel: 1701.77  Uncertaincy: 0.0646975
Results: 
	Offset: -453.586 ± 2.62648
	Slope:  3.66828 ± 0.00174334
	Chi^2/ndf:  0.0724594/4 = 0.0181148
Covariance matrix
	6.89839	-0.00452009
	-0.00452009	3.03924e-06
======================================================
