# AUSAlib version: 16.6-757-gc25cf915-dirty
# Calibrator version: 16.6-93-gaef47da-dirty
# Calibrator arguments: Calibrator -s setup/setup.json -k setup/source.json -d SD -o setup/ --eloss
# Input files: 
#	caldata/SD/2422_000.root
Current time is: 2020-04-22 19:12
======================================================

Starting calibration of SD
Source: 
	{(3182.69, 1)}
	{(5105.5, 0.1194), (5144.3, 0.1711), (5156.59, 0.7077)}
	{(5762.64, 0.231), (5804.96, 0.769)}
======================================================

Calibrating Front
======================================================

--------------------------------
Strip 1
--------------------------------
Deadlayer corrected source 
	{(3068.25, 1)}
	{(5018.82, 0.1194), (5058, 0.1711), (5070.42, 0.7077)}
	{(5682.11, 0.231), (5724.79, 0.769)}
Peaks:
	Energy: 3068.25  Channel: 0.499878  Uncertaincy: 0
	Energy: 5018.82  Channel: 0.499878  Uncertaincy: 0
	Energy: 5058  Channel: 0.499878  Uncertaincy: 0
	Energy: 5070.42  Channel: 0.499878  Uncertaincy: 0
	Energy: 5682.11  Channel: 0.499878  Uncertaincy: 0
	Energy: 5724.79  Channel: 0.499878  Uncertaincy: 0
Results: 
	Offset: nan ± -nan
	Slope:  inf ± -nan
	Chi^2/ndf:  1.79769e+308/4 = 4.49423e+307
Covariance matrix
	-nan	-nan
	-nan	-nan
Warnings:
	W1: Peaks ordering is jumbled. Peak finding did probably not succed.
	W1: Peaks ordering is jumbled. Peak finding did probably not succed.
	W8: Slope was Inf!
	W9: Offset was NaN!
	W11: P value 0.000000 is small than cutoff (0.050000)
--------------------------------
Strip 2
--------------------------------
Deadlayer corrected source 
	{(3068.25, 1)}
	{(5018.82, 0.1194), (5058, 0.1711), (5070.42, 0.7077)}
	{(5682.11, 0.231), (5724.79, 0.769)}
Peaks:
	Energy: 3068.25  Channel: 0.499878  Uncertaincy: 0
	Energy: 5018.82  Channel: 0.499878  Uncertaincy: 0
	Energy: 5058  Channel: 0.499878  Uncertaincy: 0
	Energy: 5070.42  Channel: 0.499878  Uncertaincy: 0
	Energy: 5682.11  Channel: 0.499878  Uncertaincy: 0
	Energy: 5724.79  Channel: 0.499878  Uncertaincy: 0
Results: 
	Offset: nan ± -nan
	Slope:  inf ± -nan
	Chi^2/ndf:  1.79769e+308/4 = 4.49423e+307
Covariance matrix
	-nan	-nan
	-nan	-nan
Warnings:
	W1: Peaks ordering is jumbled. Peak finding did probably not succed.
	W1: Peaks ordering is jumbled. Peak finding did probably not succed.
	W8: Slope was Inf!
	W9: Offset was NaN!
	W11: P value 0.000000 is small than cutoff (0.050000)
--------------------------------
Strip 3
--------------------------------
Deadlayer corrected source 
	{(3068.25, 1)}
	{(5018.82, 0.1194), (5058, 0.1711), (5070.42, 0.7077)}
	{(5682.11, 0.231), (5724.79, 0.769)}
Peaks:
	Energy: 3068.25  Channel: 243.124  Uncertaincy: 0.0424573
	Energy: 5018.82  Channel: 956.926  Uncertaincy: 0.0725597
	Energy: 5058  Channel: 974.11  Uncertaincy: 0.0725597
	Energy: 5070.42  Channel: 979.553  Uncertaincy: 0.0725597
	Energy: 5682.11  Channel: 1559.7  Uncertaincy: 0.0915484
	Energy: 5724.79  Channel: 1578.42  Uncertaincy: 0.0915484
Results: 
	Offset: 2953.83 ± 1.04502
	Slope:  1.89131 ± 0.000919245
	Chi^2/ndf:  410381/4 = 102595
Covariance matrix
	1.09207	-0.000882709
	-0.000882709	8.45011e-07
Warnings:
	W11: P value 0.000000 is small than cutoff (0.050000)
	W12: Residuals (6) is larger than 5.000000 keV
--------------------------------
Strip 4
--------------------------------
Deadlayer corrected source 
	{(3068.25, 1)}
	{(5018.82, 0.1194), (5058, 0.1711), (5070.42, 0.7077)}
	{(5682.11, 0.231), (5724.79, 0.769)}
Peaks:
	Energy: 3068.25  Channel: 1135.98  Uncertaincy: 0.0787495
	Energy: 5018.82  Channel: 1836.73  Uncertaincy: 0.129285
	Energy: 5058  Channel: 1850.8  Uncertaincy: 0.129285
	Energy: 5070.42  Channel: 1855.25  Uncertaincy: 0.129285
	Energy: 5682.11  Channel: 2074.11  Uncertaincy: 0.0955732
	Energy: 5724.79  Channel: 2089.43  Uncertaincy: 0.0955732
Results: 
	Offset: -97.0802 ± 2.41552
	Slope:  2.78585 ± 0.00131827
	Chi^2/ndf:  4.88731/4 = 1.22183
Covariance matrix
	5.83475	-0.00313409
	-0.00313409	1.73783e-06
--------------------------------
Strip 5
--------------------------------
Deadlayer corrected source 
	{(3068.25, 1)}
	{(5018.82, 0.1194), (5058, 0.1711), (5070.42, 0.7077)}
	{(5682.11, 0.231), (5724.79, 0.769)}
Peaks:
	Energy: 3068.25  Channel: 1028.1  Uncertaincy: 0.0802387
	Energy: 5018.82  Channel: 1655.14  Uncertaincy: 0.103287
	Energy: 5058  Channel: 1667.73  Uncertaincy: 0.103287
	Energy: 5070.42  Channel: 1671.71  Uncertaincy: 0.103287
	Energy: 5682.11  Channel: 1867.72  Uncertaincy: 0.0894728
	Energy: 5724.79  Channel: 1881.43  Uncertaincy: 0.0894728
Results: 
	Offset: -132.596 ± 2.44838
	Slope:  3.11283 ± 0.0014821
	Chi^2/ndf:  2.99397/4 = 0.748493
Covariance matrix
	5.99455	-0.00357346
	-0.00357346	2.19663e-06
--------------------------------
Strip 6
--------------------------------
Deadlayer corrected source 
	{(3068.25, 1)}
	{(5018.82, 0.1194), (5058, 0.1711), (5070.42, 0.7077)}
	{(5682.11, 0.231), (5724.79, 0.769)}
Peaks:
	Energy: 3068.25  Channel: 1066.46  Uncertaincy: 0.0896301
	Energy: 5018.82  Channel: 1713.24  Uncertaincy: 0.104601
	Energy: 5058  Channel: 1726.23  Uncertaincy: 0.104601
	Energy: 5070.42  Channel: 1730.34  Uncertaincy: 0.104601
	Energy: 5682.11  Channel: 1932.63  Uncertaincy: 0.0913104
	Energy: 5724.79  Channel: 1946.78  Uncertaincy: 0.0913104
Results: 
	Offset: -150.164 ± 2.46619
	Slope:  3.01744 ± 0.00144142
	Chi^2/ndf:  2.06697/4 = 0.516742
Covariance matrix
	6.08207	-0.00350145
	-0.00350145	2.07768e-06
--------------------------------
Strip 7
--------------------------------
Deadlayer corrected source 
	{(3068.25, 1)}
	{(5018.82, 0.1194), (5058, 0.1711), (5070.42, 0.7077)}
	{(5682.11, 0.231), (5724.79, 0.769)}
Peaks:
	Energy: 3068.25  Channel: 1023.84  Uncertaincy: 0.0824692
	Energy: 5018.82  Channel: 1633.92  Uncertaincy: 0.102102
	Energy: 5058  Channel: 1646.17  Uncertaincy: 0.102102
	Energy: 5070.42  Channel: 1650.05  Uncertaincy: 0.102102
	Energy: 5682.11  Channel: 1840.78  Uncertaincy: 0.086557
	Energy: 5724.79  Channel: 1854.12  Uncertaincy: 0.086557
Results: 
	Offset: -207.786 ± 2.48959
	Slope:  3.19925 ± 0.00152634
	Chi^2/ndf:  2.74547/4 = 0.686367
Covariance matrix
	6.19805	-0.00374385
	-0.00374385	2.32972e-06
--------------------------------
Strip 8
--------------------------------
Deadlayer corrected source 
	{(3068.25, 1)}
	{(5018.82, 0.1194), (5058, 0.1711), (5070.42, 0.7077)}
	{(5682.11, 0.231), (5724.79, 0.769)}
Peaks:
	Energy: 3068.25  Channel: 1051.35  Uncertaincy: 0.0793741
	Energy: 5018.82  Channel: 1681.31  Uncertaincy: 0.0965742
	Energy: 5058  Channel: 1693.96  Uncertaincy: 0.0965742
	Energy: 5070.42  Channel: 1697.97  Uncertaincy: 0.0965742
	Energy: 5682.11  Channel: 1894.88  Uncertaincy: 0.090952
	Energy: 5724.79  Channel: 1908.65  Uncertaincy: 0.090952
Results: 
	Offset: -189.773 ± 2.4731
	Slope:  3.09838 ± 0.00147417
	Chi^2/ndf:  3.11332/4 = 0.778331
Covariance matrix
	6.1162	-0.00359166
	-0.00359166	2.17319e-06
--------------------------------
Strip 9
--------------------------------
Deadlayer corrected source 
	{(3068.25, 1)}
	{(5018.82, 0.1194), (5058, 0.1711), (5070.42, 0.7077)}
	{(5682.11, 0.231), (5724.79, 0.769)}
Peaks:
	Energy: 3068.25  Channel: 1055.83  Uncertaincy: 0.0825228
	Energy: 5018.82  Channel: 1679.9  Uncertaincy: 0.0985077
	Energy: 5058  Channel: 1692.43  Uncertaincy: 0.0985077
	Energy: 5070.42  Channel: 1696.39  Uncertaincy: 0.0985077
	Energy: 5682.11  Channel: 1891.25  Uncertaincy: 0.0972903
	Energy: 5724.79  Channel: 1904.9  Uncertaincy: 0.0972903
Results: 
	Offset: -235.439 ± 2.50312
	Slope:  3.12831 ± 0.001494
	Chi^2/ndf:  5.43872/4 = 1.35968
Covariance matrix
	6.26559	-0.00368508
	-0.00368508	2.23204e-06
--------------------------------
Strip 10
--------------------------------
Deadlayer corrected source 
	{(3068.25, 1)}
	{(5018.82, 0.1194), (5058, 0.1711), (5070.42, 0.7077)}
	{(5682.11, 0.231), (5724.79, 0.769)}
Peaks:
	Energy: 3068.25  Channel: 980.67  Uncertaincy: 0.0834971
	Energy: 5018.82  Channel: 1582.27  Uncertaincy: 0.0976014
	Energy: 5058  Channel: 1594.34  Uncertaincy: 0.0976014
	Energy: 5070.42  Channel: 1598.17  Uncertaincy: 0.0976014
	Energy: 5682.11  Channel: 1786.1  Uncertaincy: 0.0933789
	Energy: 5724.79  Channel: 1799.25  Uncertaincy: 0.0933789
Results: 
	Offset: -114.543 ± 2.45196
	Slope:  3.24487 ± 0.00155274
	Chi^2/ndf:  4.33757/4 = 1.08439
Covariance matrix
	6.0121	-0.00374913
	-0.00374913	2.411e-06
--------------------------------
Strip 11
--------------------------------
Deadlayer corrected source 
	{(3068.25, 1)}
	{(5018.82, 0.1194), (5058, 0.1711), (5070.42, 0.7077)}
	{(5682.11, 0.231), (5724.79, 0.769)}
Peaks:
	Energy: 3068.25  Channel: 1052.25  Uncertaincy: 0.0841223
	Energy: 5018.82  Channel: 1673.68  Uncertaincy: 0.0990423
	Energy: 5058  Channel: 1686.16  Uncertaincy: 0.0990423
	Energy: 5070.42  Channel: 1690.11  Uncertaincy: 0.0990423
	Energy: 5682.11  Channel: 1884.24  Uncertaincy: 0.0939933
	Energy: 5724.79  Channel: 1897.83  Uncertaincy: 0.0939933
Results: 
	Offset: -237.813 ± 2.50602
	Slope:  3.14129 ± 0.00150069
	Chi^2/ndf:  4.32304/4 = 1.08076
Covariance matrix
	6.28014	-0.00370602
	-0.00370602	2.25207e-06
--------------------------------
Strip 12
--------------------------------
Deadlayer corrected source 
	{(3068.25, 1)}
	{(5018.82, 0.1194), (5058, 0.1711), (5070.42, 0.7077)}
	{(5682.11, 0.231), (5724.79, 0.769)}
Peaks:
	Energy: 3068.25  Channel: 1067.11  Uncertaincy: 0.0856559
	Energy: 5018.82  Channel: 1717.38  Uncertaincy: 0.0997778
	Energy: 5058  Channel: 1730.43  Uncertaincy: 0.0997778
	Energy: 5070.42  Channel: 1734.57  Uncertaincy: 0.0997778
	Energy: 5682.11  Channel: 1937.78  Uncertaincy: 0.0981339
	Energy: 5724.79  Channel: 1952.01  Uncertaincy: 0.0981339
Results: 
	Offset: -135.52 ± 2.45346
	Slope:  3.00174 ± 0.00143166
	Chi^2/ndf:  3.49949/4 = 0.874872
Covariance matrix
	6.01949	-0.00345938
	-0.00345938	2.04965e-06
--------------------------------
Strip 13
--------------------------------
Deadlayer corrected source 
	{(3068.25, 1)}
	{(5018.82, 0.1194), (5058, 0.1711), (5070.42, 0.7077)}
	{(5682.11, 0.231), (5724.79, 0.769)}
Peaks:
	Energy: 3068.25  Channel: 1022.85  Uncertaincy: 0.0790589
	Energy: 5018.82  Channel: 1635.89  Uncertaincy: 0.0958829
	Energy: 5058  Channel: 1648.2  Uncertaincy: 0.0958829
	Energy: 5070.42  Channel: 1652.1  Uncertaincy: 0.0958829
	Energy: 5682.11  Channel: 1843.72  Uncertaincy: 0.0873232
	Energy: 5724.79  Channel: 1857.12  Uncertaincy: 0.0873232
Results: 
	Offset: -188.965 ± 2.47496
	Slope:  3.18391 ± 0.00151591
	Chi^2/ndf:  3.10325/4 = 0.775812
Covariance matrix
	6.12542	-0.00369613
	-0.00369613	2.29798e-06
--------------------------------
Strip 14
--------------------------------
Deadlayer corrected source 
	{(3068.25, 1)}
	{(5018.82, 0.1194), (5058, 0.1711), (5070.42, 0.7077)}
	{(5682.11, 0.231), (5724.79, 0.769)}
Peaks:
	Energy: 3068.25  Channel: 1052  Uncertaincy: 0.0850189
	Energy: 5018.82  Channel: 1693.57  Uncertaincy: 0.11412
	Energy: 5058  Channel: 1706.44  Uncertaincy: 0.11412
	Energy: 5070.42  Channel: 1710.52  Uncertaincy: 0.11412
	Energy: 5682.11  Channel: 1910.78  Uncertaincy: 0.0952886
	Energy: 5724.79  Channel: 1924.81  Uncertaincy: 0.0952886
Results: 
	Offset: -133.993 ± 2.4549
	Slope:  3.04322 ± 0.00145266
	Chi^2/ndf:  6.24534/4 = 1.56134
Covariance matrix
	6.02654	-0.00351151
	-0.00351151	2.11021e-06
--------------------------------
Strip 15
--------------------------------
Deadlayer corrected source 
	{(3068.25, 1)}
	{(5018.82, 0.1194), (5058, 0.1711), (5070.42, 0.7077)}
	{(5682.11, 0.231), (5724.79, 0.769)}
Peaks:
	Energy: 3068.25  Channel: 1014.91  Uncertaincy: 0.0776029
	Energy: 5018.82  Channel: 1619.13  Uncertaincy: 0.190272
	Energy: 5058  Channel: 1631.26  Uncertaincy: 0.190272
	Energy: 5070.42  Channel: 1635.1  Uncertaincy: 0.190272
	Energy: 5682.11  Channel: 1823.78  Uncertaincy: 0.0919716
	Energy: 5724.79  Channel: 1836.99  Uncertaincy: 0.0919716
Results: 
	Offset: -211.623 ± 2.48718
	Slope:  3.23107 ± 0.00154161
	Chi^2/ndf:  4.60316/4 = 1.15079
Covariance matrix
	6.18608	-0.00377122
	-0.00377122	2.37658e-06
--------------------------------
Strip 16
--------------------------------
Deadlayer corrected source 
	{(3068.25, 1)}
	{(5018.82, 0.1194), (5058, 0.1711), (5070.42, 0.7077)}
	{(5682.11, 0.231), (5724.79, 0.769)}
Peaks:
	Energy: 3068.25  Channel: 1049.85  Uncertaincy: 0.0783362
	Energy: 5018.82  Channel: 1683.96  Uncertaincy: 0.104473
	Energy: 5058  Channel: 1696.69  Uncertaincy: 0.104473
	Energy: 5070.42  Channel: 1700.72  Uncertaincy: 0.104473
	Energy: 5682.11  Channel: 1898.99  Uncertaincy: 0.104265
	Energy: 5724.79  Channel: 1912.86  Uncertaincy: 0.104265
Results: 
	Offset: -163.584 ± 2.46234
	Slope:  3.07791 ± 0.00146711
	Chi^2/ndf:  2.49728/4 = 0.624319
Covariance matrix
	6.06313	-0.00355772
	-0.00355772	2.15241e-06
--------------------------------
Strip 17
--------------------------------
Deadlayer corrected source 
	{(3068.25, 1)}
	{(5018.82, 0.1194), (5058, 0.1711), (5070.42, 0.7077)}
	{(5682.11, 0.231), (5724.79, 0.769)}
Peaks:
	Energy: 3068.25  Channel: 1054.98  Uncertaincy: 0.0871136
	Energy: 5018.82  Channel: 1699.41  Uncertaincy: 0.0960446
	Energy: 5058  Channel: 1712.35  Uncertaincy: 0.0960446
	Energy: 5070.42  Channel: 1716.45  Uncertaincy: 0.0960446
	Energy: 5682.11  Channel: 1917.88  Uncertaincy: 0.107099
	Energy: 5724.79  Channel: 1931.97  Uncertaincy: 0.107099
Results: 
	Offset: -127.625 ± 2.45683
	Slope:  3.0288 ± 0.00144961
	Chi^2/ndf:  3.12625/4 = 0.781562
Covariance matrix
	6.03602	-0.0035075
	-0.0035075	2.10136e-06
--------------------------------
Strip 18
--------------------------------
Deadlayer corrected source 
	{(3068.25, 1)}
	{(5018.82, 0.1194), (5058, 0.1711), (5070.42, 0.7077)}
	{(5682.11, 0.231), (5724.79, 0.769)}
Peaks:
	Energy: 3068.25  Channel: 976.59  Uncertaincy: 0.0781879
	Energy: 5018.82  Channel: 1583.6  Uncertaincy: 0.095204
	Energy: 5058  Channel: 1595.78  Uncertaincy: 0.095204
	Energy: 5070.42  Channel: 1599.64  Uncertaincy: 0.095204
	Energy: 5682.11  Channel: 1789.03  Uncertaincy: 0.0927888
	Energy: 5724.79  Channel: 1802.3  Uncertaincy: 0.0927888
Results: 
	Offset: -74.0072 ± 2.42374
	Slope:  3.21672 ± 0.00153405
	Chi^2/ndf:  7.49248/4 = 1.87312
Covariance matrix
	5.87451	-0.00366037
	-0.00366037	2.35332e-06
--------------------------------
Strip 19
--------------------------------
Deadlayer corrected source 
	{(3068.25, 1)}
	{(5018.82, 0.1194), (5058, 0.1711), (5070.42, 0.7077)}
	{(5682.11, 0.231), (5724.79, 0.769)}
Peaks:
	Energy: 3068.25  Channel: 1006.86  Uncertaincy: 0.0768396
	Energy: 5018.82  Channel: 1610.76  Uncertaincy: 0.10042
	Energy: 5058  Channel: 1622.9  Uncertaincy: 0.10042
	Energy: 5070.42  Channel: 1626.74  Uncertaincy: 0.10042
	Energy: 5682.11  Channel: 1816  Uncertaincy: 0.0944917
	Energy: 5724.79  Channel: 1829.22  Uncertaincy: 0.0944917
Results: 
	Offset: -184.352 ± 2.47341
	Slope:  3.23034 ± 0.00153968
	Chi^2/ndf:  0.112778/4 = 0.0281944
Covariance matrix
	6.11777	-0.00375109
	-0.00375109	2.37061e-06
--------------------------------
Strip 20
--------------------------------
Deadlayer corrected source 
	{(3068.25, 1)}
	{(5018.82, 0.1194), (5058, 0.1711), (5070.42, 0.7077)}
	{(5682.11, 0.231), (5724.79, 0.769)}
Peaks:
	Energy: 3068.25  Channel: 1064.73  Uncertaincy: 0.0810387
	Energy: 5018.82  Channel: 1705.27  Uncertaincy: 0.113999
	Energy: 5058  Channel: 1718.14  Uncertaincy: 0.113999
	Energy: 5070.42  Channel: 1722.21  Uncertaincy: 0.113999
	Energy: 5682.11  Channel: 1922.66  Uncertaincy: 0.0957519
	Energy: 5724.79  Channel: 1936.68  Uncertaincy: 0.0957519
Results: 
	Offset: -175.747 ± 2.46788
	Slope:  3.04646 ± 0.00145077
	Chi^2/ndf:  1.26567/4 = 0.316417
Covariance matrix
	6.09043	-0.0035261
	-0.0035261	2.10472e-06
--------------------------------
Strip 21
--------------------------------
Deadlayer corrected source 
	{(3068.25, 1)}
	{(5018.82, 0.1194), (5058, 0.1711), (5070.42, 0.7077)}
	{(5682.11, 0.231), (5724.79, 0.769)}
Peaks:
	Energy: 3068.25  Channel: 1044  Uncertaincy: 0.0808991
	Energy: 5018.82  Channel: 1670.12  Uncertaincy: 0.103914
	Energy: 5058  Channel: 1682.69  Uncertaincy: 0.103914
	Energy: 5070.42  Channel: 1686.67  Uncertaincy: 0.103914
	Energy: 5682.11  Channel: 1882.22  Uncertaincy: 0.0976644
	Energy: 5724.79  Channel: 1895.91  Uncertaincy: 0.0976644
Results: 
	Offset: -187.536 ± 2.47733
	Slope:  3.11791 ± 0.00148736
	Chi^2/ndf:  4.79609/4 = 1.19902
Covariance matrix
	6.13716	-0.00362953
	-0.00362953	2.21223e-06
--------------------------------
Strip 22
--------------------------------
Deadlayer corrected source 
	{(3068.25, 1)}
	{(5018.82, 0.1194), (5058, 0.1711), (5070.42, 0.7077)}
	{(5682.11, 0.231), (5724.79, 0.769)}
Peaks:
	Energy: 3068.25  Channel: 984.018  Uncertaincy: 0.0808173
	Energy: 5018.82  Channel: 1569.67  Uncertaincy: 0.092197
	Energy: 5058  Channel: 1581.42  Uncertaincy: 0.092197
	Energy: 5070.42  Channel: 1585.15  Uncertaincy: 0.092197
	Energy: 5682.11  Channel: 1768.21  Uncertaincy: 0.0909732
	Energy: 5724.79  Channel: 1781.02  Uncertaincy: 0.0909732
Results: 
	Offset: -211.846 ± 2.49678
	Slope:  3.33281 ± 0.00159421
	Chi^2/ndf:  3.06386/4 = 0.765966
Covariance matrix
	6.23392	-0.00392198
	-0.00392198	2.54151e-06
--------------------------------
Strip 23
--------------------------------
Deadlayer corrected source 
	{(3068.25, 1)}
	{(5018.82, 0.1194), (5058, 0.1711), (5070.42, 0.7077)}
	{(5682.11, 0.231), (5724.79, 0.769)}
Peaks:
	Energy: 3068.25  Channel: 1061.28  Uncertaincy: 0.0911669
	Energy: 5018.82  Channel: 1683.16  Uncertaincy: 0.106864
	Energy: 5058  Channel: 1695.66  Uncertaincy: 0.106864
	Energy: 5070.42  Channel: 1699.61  Uncertaincy: 0.106864
	Energy: 5682.11  Channel: 1894.35  Uncertaincy: 0.10373
	Energy: 5724.79  Channel: 1907.96  Uncertaincy: 0.10373
Results: 
	Offset: -261.733 ± 2.53138
	Slope:  3.13747 ± 0.00150769
	Chi^2/ndf:  0.592636/4 = 0.148159
Covariance matrix
	6.40788	-0.00376128
	-0.00376128	2.27312e-06
--------------------------------
Strip 24
--------------------------------
Deadlayer corrected source 
	{(3068.25, 1)}
	{(5018.82, 0.1194), (5058, 0.1711), (5070.42, 0.7077)}
	{(5682.11, 0.231), (5724.79, 0.769)}
Peaks:
	Energy: 3068.25  Channel: 1034.06  Uncertaincy: 0.0899739
	Energy: 5018.82  Channel: 1668.48  Uncertaincy: 0.104194
	Energy: 5058  Channel: 1681.22  Uncertaincy: 0.104194
	Energy: 5070.42  Channel: 1685.25  Uncertaincy: 0.104194
	Energy: 5682.11  Channel: 1883.9  Uncertaincy: 0.0949285
	Energy: 5724.79  Channel: 1897.77  Uncertaincy: 0.0949285
Results: 
	Offset: -112.298 ± 2.45244
	Slope:  3.07555 ± 0.00147202
	Chi^2/ndf:  0.698633/4 = 0.174658
Covariance matrix
	6.01449	-0.00355498
	-0.00355498	2.16684e-06
--------------------------------
Strip 25
--------------------------------
Deadlayer corrected source 
	{(3068.25, 1)}
	{(5018.82, 0.1194), (5058, 0.1711), (5070.42, 0.7077)}
	{(5682.11, 0.231), (5724.79, 0.769)}
Peaks:
	Energy: 3068.25  Channel: 1033.91  Uncertaincy: 0.0922572
	Energy: 5018.82  Channel: 1637.15  Uncertaincy: 0.0987276
	Energy: 5058  Channel: 1649.27  Uncertaincy: 0.0987276
	Energy: 5070.42  Channel: 1653.1  Uncertaincy: 0.0987276
	Energy: 5682.11  Channel: 1842.03  Uncertaincy: 0.0943199
	Energy: 5724.79  Channel: 1855.23  Uncertaincy: 0.0943199
Results: 
	Offset: -275.985 ± 2.54362
	Slope:  3.23434 ± 0.00155619
	Chi^2/ndf:  0.496992/4 = 0.124248
Covariance matrix
	6.46999	-0.00390203
	-0.00390203	2.42172e-06
--------------------------------
Strip 26
--------------------------------
Deadlayer corrected source 
	{(3068.25, 1)}
	{(5018.82, 0.1194), (5058, 0.1711), (5070.42, 0.7077)}
	{(5682.11, 0.231), (5724.79, 0.769)}
Peaks:
	Energy: 3068.25  Channel: 967.408  Uncertaincy: 0.086125
	Energy: 5018.82  Channel: 1549.69  Uncertaincy: 0.103157
	Energy: 5058  Channel: 1561.38  Uncertaincy: 0.103157
	Energy: 5070.42  Channel: 1565.08  Uncertaincy: 0.103157
	Energy: 5682.11  Channel: 1747.3  Uncertaincy: 0.0901546
	Energy: 5724.79  Channel: 1760.03  Uncertaincy: 0.0901546
Results: 
	Offset: -174.223 ± 2.4891
	Slope:  3.35134 ± 0.00160884
	Chi^2/ndf:  1.30637/4 = 0.326592
Covariance matrix
	6.19562	-0.00394467
	-0.00394467	2.58838e-06
--------------------------------
Strip 27
--------------------------------
Deadlayer corrected source 
	{(3068.25, 1)}
	{(5018.82, 0.1194), (5058, 0.1711), (5070.42, 0.7077)}
	{(5682.11, 0.231), (5724.79, 0.769)}
Peaks:
	Energy: 3068.25  Channel: 1034.15  Uncertaincy: 0.0908042
	Energy: 5018.82  Channel: 1645.73  Uncertaincy: 0.106193
	Energy: 5058  Channel: 1658.01  Uncertaincy: 0.106193
	Energy: 5070.42  Channel: 1661.9  Uncertaincy: 0.106193
	Energy: 5682.11  Channel: 1853.35  Uncertaincy: 0.0953464
	Energy: 5724.79  Channel: 1866.72  Uncertaincy: 0.0953464
Results: 
	Offset: -231.591 ± 2.52239
	Slope:  3.19057 ± 0.00153534
	Chi^2/ndf:  0.945081/4 = 0.23627
Covariance matrix
	6.36244	-0.0038164
	-0.0038164	2.35727e-06
--------------------------------
Strip 28
--------------------------------
Deadlayer corrected source 
	{(3068.25, 1)}
	{(5018.82, 0.1194), (5058, 0.1711), (5070.42, 0.7077)}
	{(5682.11, 0.231), (5724.79, 0.769)}
Peaks:
	Energy: 3068.25  Channel: 1108.39  Uncertaincy: 0.0935791
	Energy: 5018.82  Channel: 1771.81  Uncertaincy: 0.105332
	Energy: 5058  Channel: 1785.14  Uncertaincy: 0.105332
	Energy: 5070.42  Channel: 1789.36  Uncertaincy: 0.105332
	Energy: 5682.11  Channel: 1997.26  Uncertaincy: 0.0967536
	Energy: 5724.79  Channel: 2011.78  Uncertaincy: 0.0967536
Results: 
	Offset: -191.194 ± 2.48863
	Slope:  2.94059 ± 0.0014066
	Chi^2/ndf:  0.131687/4 = 0.0329217
Covariance matrix
	6.19326	-0.0034489
	-0.0034489	1.97852e-06
--------------------------------
Strip 29
--------------------------------
Deadlayer corrected source 
	{(3068.25, 1)}
	{(5018.82, 0.1194), (5058, 0.1711), (5070.42, 0.7077)}
	{(5682.11, 0.231), (5724.79, 0.769)}
Peaks:
	Energy: 3068.25  Channel: 1049.94  Uncertaincy: 0.0828431
	Energy: 5018.82  Channel: 1664.55  Uncertaincy: 0.0951435
	Energy: 5058  Channel: 1676.89  Uncertaincy: 0.0951435
	Energy: 5070.42  Channel: 1680.8  Uncertaincy: 0.0951435
	Energy: 5682.11  Channel: 1872.98  Uncertaincy: 0.0893259
	Energy: 5724.79  Channel: 1886.42  Uncertaincy: 0.0893259
Results: 
	Offset: -266.397 ± 2.51792
	Slope:  3.17556 ± 0.00151569
	Chi^2/ndf:  2.47691/4 = 0.619228
Covariance matrix
	6.33992	-0.00376162
	-0.00376162	2.29732e-06
--------------------------------
Strip 30
--------------------------------
Deadlayer corrected source 
	{(3068.25, 1)}
	{(5018.82, 0.1194), (5058, 0.1711), (5070.42, 0.7077)}
	{(5682.11, 0.231), (5724.79, 0.769)}
Peaks:
	Energy: 3068.25  Channel: 1020.14  Uncertaincy: 0.0761664
	Energy: 5018.82  Channel: 1625.13  Uncertaincy: 0.0937236
	Energy: 5058  Channel: 1637.28  Uncertaincy: 0.0937236
	Energy: 5070.42  Channel: 1641.13  Uncertaincy: 0.0937236
	Energy: 5682.11  Channel: 1830.11  Uncertaincy: 0.0949184
	Energy: 5724.79  Channel: 1843.34  Uncertaincy: 0.0949184
Results: 
	Offset: -224.038 ± 2.49139
	Slope:  3.22665 ± 0.00153756
	Chi^2/ndf:  4.47408/4 = 1.11852
Covariance matrix
	6.20704	-0.00377435
	-0.00377435	2.36409e-06
--------------------------------
Strip 31
--------------------------------
Deadlayer corrected source 
	{(3068.25, 1)}
	{(5018.82, 0.1194), (5058, 0.1711), (5070.42, 0.7077)}
	{(5682.11, 0.231), (5724.79, 0.769)}
Peaks:
	Energy: 3068.25  Channel: 1098.25  Uncertaincy: 0.0809627
	Energy: 5018.82  Channel: 1754.45  Uncertaincy: 0.105332
	Energy: 5058  Channel: 1767.62  Uncertaincy: 0.105332
	Energy: 5070.42  Channel: 1771.8  Uncertaincy: 0.105332
	Energy: 5682.11  Channel: 1977.17  Uncertaincy: 0.0968663
	Energy: 5724.79  Channel: 1991.52  Uncertaincy: 0.0968663
Results: 
	Offset: -197.984 ± 2.47541
	Slope:  2.97374 ± 0.00141442
	Chi^2/ndf:  1.16021/4 = 0.290052
Covariance matrix
	6.12767	-0.00344917
	-0.00344917	2.00059e-06
--------------------------------
Strip 32
--------------------------------
Deadlayer corrected source 
	{(3068.25, 1)}
	{(5018.82, 0.1194), (5058, 0.1711), (5070.42, 0.7077)}
	{(5682.11, 0.231), (5724.79, 0.769)}
Peaks:
	Energy: 3068.25  Channel: 1055.21  Uncertaincy: 0.0795503
	Energy: 5018.82  Channel: 1687.3  Uncertaincy: 0.0987168
	Energy: 5058  Channel: 1699.99  Uncertaincy: 0.0987168
	Energy: 5070.42  Channel: 1704.01  Uncertaincy: 0.0987168
	Energy: 5682.11  Channel: 1901.86  Uncertaincy: 0.0955037
	Energy: 5724.79  Channel: 1915.69  Uncertaincy: 0.0955037
Results: 
	Offset: -189.592 ± 2.47428
	Slope:  3.08709 ± 0.00147007
	Chi^2/ndf:  1.01011/4 = 0.252528
Covariance matrix
	6.12206	-0.00358323
	-0.00358323	2.16111e-06
======================================================
Calibrating Back
======================================================

--------------------------------
Strip 1
--------------------------------
Deadlayer corrected source 
	{(3082.76, 1)}
	{(5029.76, 0.1194), (5068.89, 0.1711), (5081.29, 0.7077)}
	{(5692.26, 0.231), (5734.9, 0.769)}
Peaks:
	Energy: 3082.76  Channel: 1140.65  Uncertaincy: 0.102414
	Energy: 5029.76  Channel: 1806.21  Uncertaincy: 0.127244
	Energy: 5068.89  Channel: 1819.58  Uncertaincy: 0.127244
	Energy: 5081.29  Channel: 1823.82  Uncertaincy: 0.127244
	Energy: 5692.26  Channel: 2032.16  Uncertaincy: 0.128695
	Energy: 5734.9  Channel: 2046.73  Uncertaincy: 0.128695
Results: 
	Offset: -256.078 ± 2.55389
	Slope:  2.92679 ± 0.00141929
	Chi^2/ndf:  1.66999/4 = 0.417499
Covariance matrix
	6.52233	-0.00357192
	-0.00357192	2.01437e-06
--------------------------------
Strip 2
--------------------------------
Deadlayer corrected source 
	{(3081.93, 1)}
	{(5029.13, 0.1194), (5068.27, 0.1711), (5080.67, 0.7077)}
	{(5691.68, 0.231), (5734.32, 0.769)}
Peaks:
	Energy: 3081.93  Channel: 1136.86  Uncertaincy: 0.0977364
	Energy: 5029.13  Channel: 1799.15  Uncertaincy: 0.109912
	Energy: 5068.27  Channel: 1812.46  Uncertaincy: 0.109912
	Energy: 5080.67  Channel: 1816.68  Uncertaincy: 0.109912
	Energy: 5691.68  Channel: 2024.42  Uncertaincy: 0.109272
	Energy: 5734.32  Channel: 2038.92  Uncertaincy: 0.109272
Results: 
	Offset: -260.862 ± 2.54141
	Slope:  2.94032 ± 0.00141579
	Chi^2/ndf:  0.0407204/4 = 0.0101801
Covariance matrix
	6.45877	-0.00354665
	-0.00354665	2.00446e-06
--------------------------------
Strip 3
--------------------------------
Deadlayer corrected source 
	{(3081.04, 1)}
	{(5028.46, 0.1194), (5067.6, 0.1711), (5080, 0.7077)}
	{(5691.06, 0.231), (5733.7, 0.769)}
Peaks:
	Energy: 3081.04  Channel: 1250.03  Uncertaincy: 0.178626
	Energy: 5028.46  Channel: 1983.46  Uncertaincy: 0.132303
	Energy: 5067.6  Channel: 1998.19  Uncertaincy: 0.132303
	Energy: 5080  Channel: 2002.85  Uncertaincy: 0.132303
	Energy: 5691.06  Channel: 2232.11  Uncertaincy: 0.133144
	Energy: 5733.7  Channel: 2248.16  Uncertaincy: 0.133144
Results: 
	Offset: -241.459 ± 2.66979
	Slope:  2.65737 ± 0.00134238
	Chi^2/ndf:  4.07732/4 = 1.01933
Covariance matrix
	7.12779	-0.0035358
	-0.0035358	1.80199e-06
--------------------------------
Strip 4
--------------------------------
Deadlayer corrected source 
	{(3080.09, 1)}
	{(5027.74, 0.1194), (5066.89, 0.1711), (5079.29, 0.7077)}
	{(5690.39, 0.231), (5733.04, 0.769)}
Peaks:
	Energy: 3080.09  Channel: 1166.86  Uncertaincy: 0.116216
	Energy: 5027.74  Channel: 1859.84  Uncertaincy: 0.108999
	Energy: 5066.89  Channel: 1873.75  Uncertaincy: 0.108999
	Energy: 5079.29  Channel: 1878.16  Uncertaincy: 0.108999
	Energy: 5690.39  Channel: 2094.79  Uncertaincy: 0.104582
	Energy: 5733.04  Channel: 2109.95  Uncertaincy: 0.104582
Results: 
	Offset: -202.574 ± 2.52055
	Slope:  2.8127 ± 0.00135599
	Chi^2/ndf:  4.00563/4 = 1.00141
Covariance matrix
	6.35315	-0.00336848
	-0.00336848	1.83872e-06
--------------------------------
Strip 5
--------------------------------
Deadlayer corrected source 
	{(3079.08, 1)}
	{(5026.98, 0.1194), (5066.14, 0.1711), (5078.54, 0.7077)}
	{(5689.69, 0.231), (5732.34, 0.769)}
Peaks:
	Energy: 3079.08  Channel: 1153.34  Uncertaincy: 0.0830552
	Energy: 5026.98  Channel: 1833.21  Uncertaincy: 0.10605
	Energy: 5066.14  Channel: 1846.87  Uncertaincy: 0.10605
	Energy: 5078.54  Channel: 1851.2  Uncertaincy: 0.10605
	Energy: 5689.69  Channel: 2064.06  Uncertaincy: 0.100272
	Energy: 5732.34  Channel: 2078.94  Uncertaincy: 0.100272
Results: 
	Offset: -227.111 ± 2.49354
	Slope:  2.86633 ± 0.00136373
	Chi^2/ndf:  1.29621/4 = 0.324051
Covariance matrix
	6.21775	-0.0033508
	-0.0033508	1.85977e-06
--------------------------------
Strip 6
--------------------------------
Deadlayer corrected source 
	{(3078.02, 1)}
	{(5026.18, 0.1194), (5065.34, 0.1711), (5077.74, 0.7077)}
	{(5688.95, 0.231), (5731.6, 0.769)}
Peaks:
	Energy: 3078.02  Channel: 1132.56  Uncertaincy: 0.0843926
	Energy: 5026.18  Channel: 1805.12  Uncertaincy: 0.101309
	Energy: 5065.34  Channel: 1818.63  Uncertaincy: 0.101309
	Energy: 5077.74  Channel: 1822.91  Uncertaincy: 0.101309
	Energy: 5688.95  Channel: 2033.51  Uncertaincy: 0.0968229
	Energy: 5731.6  Channel: 2048.23  Uncertaincy: 0.0968229
Results: 
	Offset: -204.168 ± 2.48567
	Slope:  2.89775 ± 0.00138
	Chi^2/ndf:  1.04601/4 = 0.261502
Covariance matrix
	6.17853	-0.00337991
	-0.00337991	1.90439e-06
--------------------------------
Strip 7
--------------------------------
Deadlayer corrected source 
	{(3076.9, 1)}
	{(5025.34, 0.1194), (5064.5, 0.1711), (5076.9, 0.7077)}
	{(5688.16, 0.231), (5730.82, 0.769)}
Peaks:
	Energy: 3076.9  Channel: 1153.63  Uncertaincy: 0.0843722
	Energy: 5025.34  Channel: 1823.61  Uncertaincy: 0.09885
	Energy: 5064.5  Channel: 1837.07  Uncertaincy: 0.09885
	Energy: 5076.9  Channel: 1841.33  Uncertaincy: 0.09885
	Energy: 5688.16  Channel: 2051.13  Uncertaincy: 0.105496
	Energy: 5730.82  Channel: 2065.79  Uncertaincy: 0.105496
Results: 
	Offset: -279.632 ± 2.51915
	Slope:  2.90928 ± 0.00138558
	Chi^2/ndf:  1.00208/4 = 0.250521
Covariance matrix
	6.3461	-0.0034405
	-0.0034405	1.91983e-06
--------------------------------
Strip 8
--------------------------------
Deadlayer corrected source 
	{(3075.73, 1)}
	{(5024.46, 0.1194), (5063.62, 0.1711), (5076.02, 0.7077)}
	{(5687.34, 0.231), (5730, 0.769)}
Peaks:
	Energy: 3075.73  Channel: 1197.45  Uncertaincy: 0.0878532
	Energy: 5024.46  Channel: 1905.24  Uncertaincy: 0.1066
	Energy: 5063.62  Channel: 1919.45  Uncertaincy: 0.1066
	Energy: 5076.02  Channel: 1923.96  Uncertaincy: 0.1066
	Energy: 5687.34  Channel: 2145.51  Uncertaincy: 0.108028
	Energy: 5730  Channel: 2161  Uncertaincy: 0.108028
Results: 
	Offset: -222.945 ± 2.49233
	Slope:  2.75446 ± 0.00131171
	Chi^2/ndf:  1.37046/4 = 0.342614
Covariance matrix
	6.21171	-0.0032214
	-0.0032214	1.72058e-06
--------------------------------
Strip 9
--------------------------------
Deadlayer corrected source 
	{(3074.51, 1)}
	{(5023.54, 0.1194), (5062.7, 0.1711), (5075.11, 0.7077)}
	{(5686.49, 0.231), (5729.15, 0.769)}
Peaks:
	Energy: 3074.51  Channel: 1173.56  Uncertaincy: 0.0784828
	Energy: 5023.54  Channel: 1850.67  Uncertaincy: 0.0958016
	Energy: 5062.7  Channel: 1864.27  Uncertaincy: 0.0958016
	Energy: 5075.11  Channel: 1868.58  Uncertaincy: 0.0958016
	Energy: 5686.49  Channel: 2080.44  Uncertaincy: 0.097201
	Energy: 5729.15  Channel: 2095.25  Uncertaincy: 0.097201
Results: 
	Offset: -305.675 ± 2.51846
	Slope:  2.87993 ± 0.00136469
	Chi^2/ndf:  1.9222/4 = 0.480549
Covariance matrix
	6.34263	-0.00338813
	-0.00338813	1.86237e-06
--------------------------------
Strip 10
--------------------------------
Deadlayer corrected source 
	{(3073.24, 1)}
	{(5022.58, 0.1194), (5061.75, 0.1711), (5074.16, 0.7077)}
	{(5685.6, 0.231), (5728.27, 0.769)}
Peaks:
	Energy: 3073.24  Channel: 1130.32  Uncertaincy: 0.0773317
	Energy: 5022.58  Channel: 1789.23  Uncertaincy: 0.0957341
	Energy: 5061.75  Channel: 1802.46  Uncertaincy: 0.0957341
	Energy: 5074.16  Channel: 1806.65  Uncertaincy: 0.0957341
	Energy: 5685.6  Channel: 2012.7  Uncertaincy: 0.095984
	Energy: 5728.27  Channel: 2027.11  Uncertaincy: 0.095984
Results: 
	Offset: -273.306 ± 2.50633
	Slope:  2.96026 ± 0.00140472
	Chi^2/ndf:  2.79578/4 = 0.698945
Covariance matrix
	6.28167	-0.00347009
	-0.00347009	1.97325e-06
--------------------------------
Strip 11
--------------------------------
Deadlayer corrected source 
	{(3071.92, 1)}
	{(5021.58, 0.1194), (5060.76, 0.1711), (5073.17, 0.7077)}
	{(5684.67, 0.231), (5727.35, 0.769)}
Peaks:
	Energy: 3071.92  Channel: 1163.19  Uncertaincy: 0.0761784
	Energy: 5021.58  Channel: 1827.51  Uncertaincy: 0.0962901
	Energy: 5060.76  Channel: 1840.85  Uncertaincy: 0.0962901
	Energy: 5073.17  Channel: 1845.08  Uncertaincy: 0.0962901
	Energy: 5684.67  Channel: 2053.17  Uncertaincy: 0.0884735
	Energy: 5727.35  Channel: 2067.71  Uncertaincy: 0.0884735
Results: 
	Offset: -343 ± 2.54456
	Slope:  2.93563 ± 0.00139558
	Chi^2/ndf:  0.488862/4 = 0.122215
Covariance matrix
	6.4748	-0.00350184
	-0.00350184	1.94763e-06
--------------------------------
Strip 12
--------------------------------
Deadlayer corrected source 
	{(3070.56, 1)}
	{(5020.55, 0.1194), (5059.73, 0.1711), (5072.14, 0.7077)}
	{(5683.72, 0.231), (5726.39, 0.769)}
Peaks:
	Energy: 3070.56  Channel: 1301.65  Uncertaincy: 0.0859528
	Energy: 5020.55  Channel: 2060.2  Uncertaincy: 0.103967
	Energy: 5059.73  Channel: 2075.44  Uncertaincy: 0.103967
	Energy: 5072.14  Channel: 2080.27  Uncertaincy: 0.103967
	Energy: 5683.72  Channel: 2317.93  Uncertaincy: 0.106926
	Energy: 5726.39  Channel: 2334.53  Uncertaincy: 0.106926
Results: 
	Offset: -276.441 ± 2.5012
	Slope:  2.57121 ± 0.00121728
	Chi^2/ndf:  0.29868/4 = 0.07467
Covariance matrix
	6.256	-0.00300098
	-0.00300098	1.48176e-06
Warnings:
	W0: Calibration is outlier!
--------------------------------
Strip 13
--------------------------------
Deadlayer corrected source 
	{(3069.14, 1)}
	{(5019.49, 0.1194), (5058.68, 0.1711), (5071.09, 0.7077)}
	{(5682.73, 0.231), (5725.41, 0.769)}
Peaks:
	Energy: 3069.14  Channel: 1200.87  Uncertaincy: 0.0756765
	Energy: 5019.49  Channel: 1874.52  Uncertaincy: 0.0906249
	Energy: 5058.68  Channel: 1888.05  Uncertaincy: 0.0906249
	Energy: 5071.09  Channel: 1892.33  Uncertaincy: 0.0906249
	Energy: 5682.73  Channel: 2103.34  Uncertaincy: 0.0922835
	Energy: 5725.41  Channel: 2118.08  Uncertaincy: 0.0922835
Results: 
	Offset: -408.677 ± 2.56185
	Slope:  2.89592 ± 0.00137046
	Chi^2/ndf:  0.431437/4 = 0.107859
Covariance matrix
	6.56305	-0.00346305
	-0.00346305	1.87816e-06
--------------------------------
Strip 14
--------------------------------
Deadlayer corrected source 
	{(3067.69, 1)}
	{(5018.4, 0.1194), (5057.58, 0.1711), (5070, 0.7077)}
	{(5681.71, 0.231), (5724.4, 0.769)}
Peaks:
	Energy: 3067.69  Channel: 1156.44  Uncertaincy: 0.0734481
	Energy: 5018.4  Channel: 1819.32  Uncertaincy: 0.08648
	Energy: 5057.58  Channel: 1832.63  Uncertaincy: 0.08648
	Energy: 5070  Channel: 1836.85  Uncertaincy: 0.08648
	Energy: 5681.71  Channel: 2044.23  Uncertaincy: 0.0890455
	Energy: 5724.4  Channel: 2058.73  Uncertaincy: 0.0890455
Results: 
	Offset: -337.43 ± 2.52875
	Slope:  2.94415 ± 0.00139352
	Chi^2/ndf:  1.65837/4 = 0.414592
Covariance matrix
	6.39458	-0.0034747
	-0.0034747	1.9419e-06
--------------------------------
Strip 15
--------------------------------
Deadlayer corrected source 
	{(3066.2, 1)}
	{(5017.27, 0.1194), (5056.46, 0.1711), (5068.88, 0.7077)}
	{(5680.67, 0.231), (5723.36, 0.769)}
Peaks:
	Energy: 3066.2  Channel: 1172.97  Uncertaincy: 0.0729581
	Energy: 5017.27  Channel: 1838.23  Uncertaincy: 0.08746
	Energy: 5056.46  Channel: 1851.58  Uncertaincy: 0.08746
	Energy: 5068.88  Channel: 1855.82  Uncertaincy: 0.08746
	Energy: 5680.67  Channel: 2063.94  Uncertaincy: 0.0914993
	Energy: 5723.36  Channel: 2078.49  Uncertaincy: 0.0914993
Results: 
	Offset: -375.907 ± 2.54238
	Slope:  2.93418 ± 0.00138703
	Chi^2/ndf:  1.54637/4 = 0.386593
Covariance matrix
	6.46367	-0.00347762
	-0.00347762	1.92386e-06
--------------------------------
Strip 16
--------------------------------
Deadlayer corrected source 
	{(3064.66, 1)}
	{(5016.11, 0.1194), (5055.31, 0.1711), (5067.73, 0.7077)}
	{(5679.59, 0.231), (5722.29, 0.769)}
Peaks:
	Energy: 3064.66  Channel: 1205.11  Uncertaincy: 0.0772524
	Energy: 5016.11  Channel: 1894.58  Uncertaincy: 0.0979048
	Energy: 5055.31  Channel: 1908.42  Uncertaincy: 0.0979048
	Energy: 5067.73  Channel: 1912.81  Uncertaincy: 0.0979048
	Energy: 5679.59  Channel: 2128.43  Uncertaincy: 0.103052
	Energy: 5722.29  Channel: 2143.51  Uncertaincy: 0.103052
Results: 
	Offset: -348.407 ± 2.53319
	Slope:  2.83182 ± 0.00134153
	Chi^2/ndf:  1.91782/4 = 0.479454
Covariance matrix
	6.41705	-0.00335058
	-0.00335058	1.7997e-06
--------------------------------
Strip 17
--------------------------------
Deadlayer corrected source 
	{(3063.09, 1)}
	{(5014.93, 0.1194), (5054.13, 0.1711), (5066.55, 0.7077)}
	{(5678.49, 0.231), (5721.19, 0.769)}
Peaks:
	Energy: 3063.09  Channel: 1097.59  Uncertaincy: 0.0806479
	Energy: 5014.93  Channel: 1762.43  Uncertaincy: 0.0945401
	Energy: 5054.13  Channel: 1775.78  Uncertaincy: 0.0945401
	Energy: 5066.55  Channel: 1780.01  Uncertaincy: 0.0945401
	Energy: 5678.49  Channel: 1988.19  Uncertaincy: 0.101522
	Energy: 5721.19  Channel: 2002.73  Uncertaincy: 0.101522
Results: 
	Offset: -160.27 ± 2.45389
	Slope:  2.93656 ± 0.00139597
	Chi^2/ndf:  0.457322/4 = 0.11433
Covariance matrix
	6.02156	-0.00337408
	-0.00337408	1.94872e-06
--------------------------------
Strip 18
--------------------------------
Deadlayer corrected source 
	{(3061.48, 1)}
	{(5013.71, 0.1194), (5052.92, 0.1711), (5065.34, 0.7077)}
	{(5677.37, 0.231), (5720.07, 0.769)}
Peaks:
	Energy: 3061.48  Channel: 1096.6  Uncertaincy: 0.0783503
	Energy: 5013.71  Channel: 1766.63  Uncertaincy: 0.0974639
	Energy: 5052.92  Channel: 1780.09  Uncertaincy: 0.0974639
	Energy: 5065.34  Channel: 1784.35  Uncertaincy: 0.0974639
	Energy: 5677.37  Channel: 1993.99  Uncertaincy: 0.104542
	Energy: 5720.07  Channel: 2008.65  Uncertaincy: 0.104542
Results: 
	Offset: -135.188 ± 2.4374
	Slope:  2.91478 ± 0.00138378
	Chi^2/ndf:  1.10847/4 = 0.277118
Covariance matrix
	5.94092	-0.00332135
	-0.00332135	1.91485e-06
--------------------------------
Strip 19
--------------------------------
Deadlayer corrected source 
	{(3059.83, 1)}
	{(5012.47, 0.1194), (5051.69, 0.1711), (5064.11, 0.7077)}
	{(5676.22, 0.231), (5718.93, 0.769)}
Peaks:
	Energy: 3059.83  Channel: 1138.58  Uncertaincy: 0.0844198
	Energy: 5012.47  Channel: 1826.69  Uncertaincy: 0.0985107
	Energy: 5051.69  Channel: 1840.5  Uncertaincy: 0.0985107
	Energy: 5064.11  Channel: 1844.88  Uncertaincy: 0.0985107
	Energy: 5676.22  Channel: 2060.23  Uncertaincy: 0.112221
	Energy: 5718.93  Channel: 2075.28  Uncertaincy: 0.112221
Results: 
	Offset: -172.457 ± 2.46019
	Slope:  2.83864 ± 0.00135104
	Chi^2/ndf:  0.787205/4 = 0.196801
Covariance matrix
	6.05254	-0.00327392
	-0.00327392	1.82532e-06
--------------------------------
Strip 20
--------------------------------
Deadlayer corrected source 
	{(3058.15, 1)}
	{(5011.21, 0.1194), (5050.43, 0.1711), (5062.85, 0.7077)}
	{(5675.04, 0.231), (5717.76, 0.769)}
Peaks:
	Energy: 3058.15  Channel: 1192.61  Uncertaincy: 0.0922272
	Energy: 5011.21  Channel: 1922.47  Uncertaincy: 0.104539
	Energy: 5050.43  Channel: 1937.13  Uncertaincy: 0.104539
	Energy: 5062.85  Channel: 1941.77  Uncertaincy: 0.104539
	Energy: 5675.04  Channel: 2170.09  Uncertaincy: 0.116553
	Energy: 5717.76  Channel: 2186.05  Uncertaincy: 0.116553
Results: 
	Offset: -134.768 ± 2.44519
	Slope:  2.67698 ± 0.00127534
	Chi^2/ndf:  1.1611/4 = 0.290274
Covariance matrix
	5.97893	-0.00307108
	-0.00307108	1.6265e-06
--------------------------------
Strip 21
--------------------------------
Deadlayer corrected source 
	{(3056.43, 1)}
	{(5009.92, 0.1194), (5049.14, 0.1711), (5061.57, 0.7077)}
	{(5673.84, 0.231), (5716.56, 0.769)}
Peaks:
	Energy: 3056.43  Channel: 1143.32  Uncertaincy: 0.0856803
	Energy: 5009.92  Channel: 1832.65  Uncertaincy: 0.0946229
	Energy: 5049.14  Channel: 1846.49  Uncertaincy: 0.0946229
	Energy: 5061.57  Channel: 1850.87  Uncertaincy: 0.0946229
	Energy: 5673.84  Channel: 2066.27  Uncertaincy: 0.108495
	Energy: 5716.56  Channel: 2081.33  Uncertaincy: 0.108495
Results: 
	Offset: -186.103 ± 2.43997
	Slope:  2.83562 ± 0.00133553
	Chi^2/ndf:  2.75366/4 = 0.688414
Covariance matrix
	5.95343	-0.00320915
	-0.00320915	1.78363e-06
--------------------------------
Strip 22
--------------------------------
Deadlayer corrected source 
	{(3054.69, 1)}
	{(5008.6, 0.1194), (5047.84, 0.1711), (5060.26, 0.7077)}
	{(5672.62, 0.231), (5715.35, 0.769)}
Peaks:
	Energy: 3054.69  Channel: 1075.23  Uncertaincy: 0.0814019
	Energy: 5008.6  Channel: 1734.67  Uncertaincy: 0.0957935
	Energy: 5047.84  Channel: 1747.91  Uncertaincy: 0.0957935
	Energy: 5060.26  Channel: 1752.1  Uncertaincy: 0.0957935
	Energy: 5672.62  Channel: 1958.38  Uncertaincy: 0.107333
	Energy: 5715.35  Channel: 1972.8  Uncertaincy: 0.107333
Results: 
	Offset: -132.726 ± 2.43826
	Slope:  2.96411 ± 0.00140986
	Chi^2/ndf:  1.04176/4 = 0.260441
Covariance matrix
	5.9451	-0.00338499
	-0.00338499	1.98771e-06
--------------------------------
Strip 23
--------------------------------
Deadlayer corrected source 
	{(3052.91, 1)}
	{(5007.27, 0.1194), (5046.5, 0.1711), (5058.93, 0.7077)}
	{(5671.38, 0.231), (5714.11, 0.769)}
Peaks:
	Energy: 3052.91  Channel: 1076.29  Uncertaincy: 0.085109
	Energy: 5007.27  Channel: 1738.01  Uncertaincy: 0.0964026
	Energy: 5046.5  Channel: 1751.29  Uncertaincy: 0.0964026
	Energy: 5058.93  Channel: 1755.5  Uncertaincy: 0.0964026
	Energy: 5671.38  Channel: 1962.32  Uncertaincy: 0.115235
	Energy: 5714.11  Channel: 1976.79  Uncertaincy: 0.115235
Results: 
	Offset: -127.949 ± 2.4431
	Slope:  2.95499 ± 0.0014105
	Chi^2/ndf:  2.00709/4 = 0.501772
Covariance matrix
	5.96874	-0.00339319
	-0.00339319	1.98952e-06
--------------------------------
Strip 24
--------------------------------
Deadlayer corrected source 
	{(3051.1, 1)}
	{(5005.91, 0.1194), (5045.15, 0.1711), (5057.58, 0.7077)}
	{(5670.12, 0.231), (5712.86, 0.769)}
Peaks:
	Energy: 3051.1  Channel: 1125.5  Uncertaincy: 0.102217
	Energy: 5005.91  Channel: 1809.8  Uncertaincy: 0.117214
	Energy: 5045.15  Channel: 1823.54  Uncertaincy: 0.117214
	Energy: 5057.58  Channel: 1827.89  Uncertaincy: 0.117214
	Energy: 5670.12  Channel: 2042.01  Uncertaincy: 0.138606
	Energy: 5712.86  Channel: 2056.97  Uncertaincy: 0.138606
Results: 
	Offset: -165.172 ± 2.48858
	Slope:  2.85744 ± 0.00138086
	Chi^2/ndf:  0.57409/4 = 0.143523
Covariance matrix
	6.19301	-0.0033841
	-0.0033841	1.90678e-06
======================================================
